C51 COMPILER V9.01   HAL                                                                   02/22/2017 16:00:36 PAGE 1   


C51 COMPILER V9.01, COMPILATION OF MODULE HAL
OBJECT MODULE PLACED IN .\Objects\hal.obj
COMPILER INVOKED BY: C:\Keil\C51\BIN\C51.EXE hal.c LARGE BROWSE DEBUG OBJECTEXTEND CODE LISTINCLUDE SYMBOLS PRINT(.\List
                    -ings\hal.lst) PREPRINT(.\Listings\hal.i) OBJECT(.\Objects\hal.obj)

line level    source

   1          #include "reg51.h"
   1      =1  /*--------------------------------------------------------------------------
   2      =1  REG51.H
   3      =1  
   4      =1  Header file for generic 80C51 and 80C31 microcontroller.
   5      =1  Copyright (c) 1988-2002 Keil Elektronik GmbH and Keil Software, Inc.
   6      =1  All rights reserved.
   7      =1  --------------------------------------------------------------------------*/
   8      =1  
   9      =1  #ifndef __REG51_H__
  10      =1  #define __REG51_H__
  11      =1  
  12      =1  /*  BYTE Register  */
  13      =1  sfr P0   = 0x80;
  14      =1  sfr P1   = 0x90;
  15      =1  sfr P2   = 0xA0;
  16      =1  sfr P3   = 0xB0;
  17      =1  sfr PSW  = 0xD0;
  18      =1  sfr ACC  = 0xE0;
  19      =1  sfr B    = 0xF0;
  20      =1  sfr SP   = 0x81;
  21      =1  sfr DPL  = 0x82;
  22      =1  sfr DPH  = 0x83;
  23      =1  sfr PCON = 0x87;
  24      =1  sfr TCON = 0x88;
  25      =1  sfr TMOD = 0x89;
  26      =1  sfr TL0  = 0x8A;
  27      =1  sfr TL1  = 0x8B;
  28      =1  sfr TH0  = 0x8C;
  29      =1  sfr TH1  = 0x8D;
  30      =1  sfr IE   = 0xA8;
  31      =1  sfr IP   = 0xB8;
  32      =1  sfr SCON = 0x98;
  33      =1  sfr SBUF = 0x99;
  34      =1  
  35      =1  
  36      =1  /*  BIT Register  */
  37      =1  /*  PSW   */
  38      =1  sbit CY   = 0xD7;
  39      =1  sbit AC   = 0xD6;
  40      =1  sbit F0   = 0xD5;
  41      =1  sbit RS1  = 0xD4;
  42      =1  sbit RS0  = 0xD3;
  43      =1  sbit OV   = 0xD2;
  44      =1  sbit P    = 0xD0;
  45      =1  
  46      =1  /*  TCON  */
  47      =1  sbit TF1  = 0x8F;
  48      =1  sbit TR1  = 0x8E;
  49      =1  sbit TF0  = 0x8D;
  50      =1  sbit TR0  = 0x8C;
  51      =1  sbit IE1  = 0x8B;
  52      =1  sbit IT1  = 0x8A;
  53      =1  sbit IE0  = 0x89;
C51 COMPILER V9.01   HAL                                                                   02/22/2017 16:00:36 PAGE 2   

  54      =1  sbit IT0  = 0x88;
  55      =1  
  56      =1  /*  IE   */
  57      =1  sbit EA   = 0xAF;
  58      =1  sbit ES   = 0xAC;
  59      =1  sbit ET1  = 0xAB;
  60      =1  sbit EX1  = 0xAA;
  61      =1  sbit ET0  = 0xA9;
  62      =1  sbit EX0  = 0xA8;
  63      =1  
  64      =1  /*  IP   */ 
  65      =1  sbit PS   = 0xBC;
  66      =1  sbit PT1  = 0xBB;
  67      =1  sbit PX1  = 0xBA;
  68      =1  sbit PT0  = 0xB9;
  69      =1  sbit PX0  = 0xB8;
  70      =1  
  71      =1  /*  P3  */
  72      =1  sbit RD   = 0xB7;
  73      =1  sbit WR   = 0xB6;
  74      =1  sbit T1   = 0xB5;
  75      =1  sbit T0   = 0xB4;
  76      =1  sbit INT1 = 0xB3;
  77      =1  sbit INT0 = 0xB2;
  78      =1  sbit TXD  = 0xB1;
  79      =1  sbit RXD  = 0xB0;
  80      =1  
  81      =1  /*  SCON  */
  82      =1  sbit SM0  = 0x9F;
  83      =1  sbit SM1  = 0x9E;
  84      =1  sbit SM2  = 0x9D;
  85      =1  sbit REN  = 0x9C;
  86      =1  sbit TB8  = 0x9B;
  87      =1  sbit RB8  = 0x9A;
  88      =1  sbit TI   = 0x99;
  89      =1  sbit RI   = 0x98;
  90      =1  
  91      =1  #endif
   2          #include "i2c.h"
   1      =1  #ifndef I2C_H
   2      =1  #define I2C_H
   3      =1  
   4      =1  #define I2C_DELAY 0x01  /* For delay i2c bus */
   5      =1  
   6      =1  void I2C_delay(void);
   7      =1  void I2C_start(void);
   8      =1  void I2C_stop(void);
   9      =1  bit I2C_write(unsigned char dat);
  10      =1  unsigned char I2C_read(void);
  11      =1  
  12      =1  #endif
   3          #include "krisna.h"
   1      =1  
   2      =1  #ifndef KRISNA_H
   3      =1  #define KRISNA_H
   4      =1  
   5      =1  #define addr_xi_ECC               0x00
   6      =1  #define addr_yi_ECC               0x1E
   7      =1  #define addr_xo_ECC               0xB2
   8      =1  #define addr_yo_ECC               0xD0
   9      =1  #define addr_k_ECC                0x3C
  10      =1  #define  addr_RNG                         0xEE
C51 COMPILER V9.01   HAL                                                                   02/22/2017 16:00:36 PAGE 3   

  11      =1  #define  addr_k_BC3       0x5A
  12      =1  #define addr_dati_BC3   0x62
  13      =1  #define addr_dati_HASH  0x6A
  14      =1  #define addr_dato_HASH  0x8A
  15      =1  #define addr_dato_BC3   0xAA
  16      =1  
  17      =1  sfr COPBC3              = 0xE8;
  18      =1  sfr COPSTATR    = 0xF8;
  19      =1  sfr COPMOSI     = 0xF9;
  20      =1  sfr COPMISO     = 0xFA;
  21      =1  sfr COPTH               = 0xFB;
  22      =1  sfr COPSRC              = 0xFC;
  23      =1  sfr COPDST              = 0xFD;
  24      =1  sfr COPCOM              = 0xFF;
  25      =1  
  26      =1  sbit s_Empty = 0xF8;
  27      =1  sbit s_Full = 0xF9;
  28      =1  sbit s_TR = 0xFA;
  29      =1  sbit s_ACK = 0xFB;
  30      =1  sbit s_SM = 0xFC;
  31      =1  sbit s_HASH = 0xFD;
  32      =1  sbit s_BC3 = 0xFE;
  33      =1  sbit s_ECC = 0xFF;
  34      =1  
  35      =1  sbit s_Done = 0xD8;
  36      =1  sbit s_6 = 0xD9;
  37      =1  sbit s_5 = 0xDA;
  38      =1  sbit s_4 = 0xDB;
  39      =1  sbit s_3 = 0xDC;
  40      =1  sbit s_2 = 0xDD;
  41      =1  sbit s_1 = 0xDE;
  42      =1  sbit s_0 = 0xDF;
  43      =1  
  44      =1  void coprocessor_init();
  45      =1  
  46      =1  
  47      =1  void copy_data_block_sequential(unsigned char source_address, unsigned char destination_address, unsigned 
             -int length);
  48      =1  
  49      =1  void copy_data_block_independent(unsigned char source_address, unsigned char destination_address, unsigned
             - int length);
  50      =1  
  51      =1  void write_data_independent(unsigned char destination_address, unsigned copdata);
  52      =1  
  53      =1  
  54      =1  void write_data_sequential(unsigned char destination_address, unsigned copdata);
  55      =1  
  56      =1  void write_block_sequential(unsigned copdata);
  57      =1  
  58      =1          
  59      =1  unsigned read_data_sequential(unsigned char source_address);
  60      =1  
  61      =1  unsigned read_data_independent(unsigned char source_address);
  62      =1  
  63      =1  void copy_data_sequential(unsigned char source_address, unsigned char destination_address);
  64      =1  
  65      =1  void copy_data_independent(unsigned char source_address, unsigned char destination_address);
  66      =1  
  67      =1  void ECC_sequential();
  68      =1  
  69      =1  void ECC_independent();
  70      =1  
C51 COMPILER V9.01   HAL                                                                   02/22/2017 16:00:36 PAGE 4   

  71      =1  void HASH_sequential();
  72      =1  
  73      =1  void HASH_independent();
  74      =1  
  75      =1  void BC3_encrypt_k_sequential();
  76      =1  
  77      =1  void BC3_encrypt_k_independent();
  78      =1  
  79      =1  void BC3_encrypt_sequential();
  80      =1  
  81      =1  void BC3_encrypt_independent();
  82      =1  
  83      =1  void BC3_decrypt_k_independent();
  84      =1  
  85      =1  void BC3_decrypt_k_sequential();
  86      =1  
  87      =1  void BC3_decrypt_independent();
  88      =1  
  89      =1  void BC3_decrypt_sequential();
  90      =1  #endif
   4          
   5          void init_HW(void){
   6   1              coprocessor_init();
   7   1              SCON  = 0xD0;                   /* SCON: mode 3, 9-bit UART, enable rcvr    */
   8   1              TMOD |= 0x20;                   /* TMOD: timer 1, mode 2, 8-bit reload      */
   9   1              TH1   = 0xff;                   /* TH1:  reload value for 9600 baud @ 3.58MHz  */
  10   1              TR1   = 1;                      /* TR1:  timer 1 run                        */
  11   1              TI    = 1;                      /* TI:   set TI to send first char of UART  */
  12   1              I2C_stop();
  13   1      }
C51 COMPILER V9.01   HAL                                                                   02/22/2017 16:00:36 PAGE 5   

ASSEMBLY LISTING OF GENERATED OBJECT CODE


             ; FUNCTION init_HW (BEGIN)
                                           ; SOURCE LINE # 5
                                           ; SOURCE LINE # 6
0000 120000      E     LCALL   coprocessor_init
                                           ; SOURCE LINE # 7
0003 7598D0            MOV     SCON,#0D0H
                                           ; SOURCE LINE # 8
0006 438920            ORL     TMOD,#020H
                                           ; SOURCE LINE # 9
0009 758DFF            MOV     TH1,#0FFH
                                           ; SOURCE LINE # 10
000C D28E              SETB    TR1
                                           ; SOURCE LINE # 11
000E D299              SETB    TI
                                           ; SOURCE LINE # 12
0010 020000      E     LJMP    I2C_stop
             ; FUNCTION init_HW (END)

C51 COMPILER V9.01   HAL                                                                   02/22/2017 16:00:36 PAGE 6   

NAME                                    CLASS   MSPACE  TYPE    OFFSET  SIZE
====                                    =====   ======  ====    ======  ====


TI . . . . . . . . . . . . . . . . . .  ABSBIT   -----  BIT      0099H  1
SCON . . . . . . . . . . . . . . . . .  SFR      DATA   U_CHAR   0098H  1
TMOD . . . . . . . . . . . . . . . . .  SFR      DATA   U_CHAR   0089H  1
init_HW. . . . . . . . . . . . . . . .  PUBLIC   CODE   PROC     0000H  -----
TH1. . . . . . . . . . . . . . . . . .  SFR      DATA   U_CHAR   008DH  1
coprocessor_init . . . . . . . . . . .  EXTERN   CODE   PROC     -----  -----
TR1. . . . . . . . . . . . . . . . . .  ABSBIT   -----  BIT      008EH  1
I2C_stop . . . . . . . . . . . . . . .  EXTERN   CODE   PROC     -----  -----


MODULE INFORMATION:   STATIC OVERLAYABLE
   CODE SIZE        =     19    ----
   CONSTANT SIZE    =   ----    ----
   XDATA SIZE       =   ----    ----
   PDATA SIZE       =   ----    ----
   DATA SIZE        =   ----    ----
   IDATA SIZE       =   ----    ----
   BIT SIZE         =   ----    ----
END OF MODULE INFORMATION.


C51 COMPILATION COMPLETE.  0 WARNING(S),  0 ERROR(S)
