BL51 BANKED LINKER/LOCATER V6.22                                                        02/22/2017  16:00:38  PAGE 1


BL51 BANKED LINKER/LOCATER V6.22, INVOKED BY:
C:\KEIL\C51\BIN\BL51.EXE .\Objects\STARTUP.obj, .\Objects\main.obj, .\Objects\memory.obj, .\Objects\hal.obj, .\Objects\i
>> 2c.obj, .\Objects\command.obj, .\Objects\response.obj, .\Objects\transmission.obj, .\Objects\state.obj, .\Objects\fs.
>> obj, .\Objects\krisna.obj TO .\Objects\OS PRINT (.\Listings\OS.m51)


MEMORY MODEL: LARGE


INPUT MODULES INCLUDED:
  .\Objects\STARTUP.obj (?C_STARTUP)
  .\Objects\main.obj (MAIN)
  .\Objects\memory.obj (MEMORY)
  .\Objects\hal.obj (HAL)
  .\Objects\i2c.obj (I2C)
  .\Objects\command.obj (COMMAND)
  .\Objects\response.obj (RESPONSE)
  .\Objects\transmission.obj (TRANSMISSION)
  .\Objects\state.obj (STATE)
  .\Objects\fs.obj (FS)
  .\Objects\krisna.obj (KRISNA)
  C:\KEIL\C51\LIB\C51L.LIB (?C_INIT)
  C:\KEIL\C51\LIB\C51L.LIB (?C?COPY)
  C:\KEIL\C51\LIB\C51L.LIB (?C?CLDOPTR)
  C:\KEIL\C51\LIB\C51L.LIB (?C?CSTOPTR)
  C:\KEIL\C51\LIB\C51L.LIB (?C?IMUL)
  C:\KEIL\C51\LIB\C51L.LIB (?C?ILDPTR)
  C:\KEIL\C51\LIB\C51L.LIB (?C?ILDOPTR)
  C:\KEIL\C51\LIB\C51L.LIB (?C?ISTPTR)
  C:\KEIL\C51\LIB\C51L.LIB (?C?CCASE)


LINK MAP OF MODULE:  .\Objects\OS (?C_STARTUP)


            TYPE    BASE      LENGTH    RELOCATION   SEGMENT NAME
            -----------------------------------------------------

            * * * * * * *   D A T A   M E M O R Y   * * * * * * *
            REG     0000H     0008H     ABSOLUTE     "REG BANK 0"
                    0008H     0018H                  *** GAP ***
            BIT     0020H.0   0000H.3   UNIT         _BIT_GROUP_
                    0020H.3   0000H.5                *** GAP ***
            IDATA   0021H     0001H     UNIT         ?STACK

            * * * * * * *  X D A T A   M E M O R Y  * * * * * * *
            XDATA   0000H     0168H     UNIT         _XDATA_GROUP_
            XDATA   0168H     006FH     UNIT         ?XD?COMMAND
            XDATA   01D7H     0017H     UNIT         ?XD?STATE
            XDATA   01EEH     000BH     UNIT         ?XD?_FS_CHECKCHILDSIBLING_FID?FS
            XDATA   01F9H     000AH     UNIT         ?XD?STATE_VERIFYAUTH?STATE
            XDATA   0203H     0009H     UNIT         ?XD?STATE_GETCHALLENGE?STATE
            XDATA   020CH     0008H     UNIT         ?XD?MAIN
            XDATA   0214H     0005H     UNIT         ?XD?TRANSMISSION
            XDATA   0219H     0003H     UNIT         ?XD?MEMORY
            XDATA   021CH     0003H     UNIT         ?XD?_FS_CHECKAC?FS
            XDATA   021FH     0002H     UNIT         ?XD?COMMAND_TES?COMMAND
            XDATA   0221H     0002H     UNIT         ?XD?RESPONSE
BL51 BANKED LINKER/LOCATER V6.22                                                      02/22/2017  16:00:38  PAGE 2



            * * * * * * *   C O D E   M E M O R Y   * * * * * * *
            CODE    0000H     0003H     ABSOLUTE     
            CODE    0003H     04D1H     UNIT         ?PR?_FSCREATEBODYEF?FS
            CODE    04D4H     0335H     UNIT         ?PR?COMMAND_ENCRYPT?COMMAND
            CODE    0809H     02C6H     UNIT         ?PR?COMMAND_READRECORD?COMMAND
            CODE    0ACFH     02BDH     UNIT         ?PR?_FSALLOC?FS
            CODE    0D8CH     0247H     UNIT         ?PR?COMMAND_WRITERECORD?COMMAND
            CODE    0FD3H     0244H     UNIT         ?PR?COMMAND_UPDATERECORD?COMMAND
            CODE    1217H     0220H     UNIT         ?PR?_WRITE_ONE_RECORD?COMMAND
            CODE    1437H     0214H     UNIT         ?PR?_RESPONSE_SETSW?RESPONSE
            CODE    164BH     01FFH     UNIT         ?C?LIB_CODE
            CODE    184AH     01F5H     UNIT         ?PR?COMMAND_CREATEFILE?COMMAND
            CODE    1A3FH     01EDH     UNIT         ?PR?_FSDELETEFILE?FS
            CODE    1C2CH     01B7H     UNIT         ?PR?_FSCREATEHEADER?FS
            CODE    1DE3H     01A8H     UNIT         ?PR?_UPDATE_ONE_RECORD?COMMAND
            CODE    1F8BH     019AH     UNIT         ?PR?_READ_ONE_RECORD?COMMAND
            CODE    2125H     0196H     UNIT         ?PR?_FSSEARCHFID?FS
            CODE    22BBH     0192H     UNIT         ?PR?COMMAND_WRITEBINARY?COMMAND
            CODE    244DH     0182H     UNIT         ?PR?COMMAND_SELECT?COMMAND
            CODE    25CFH     0178H     UNIT         ?PR?_INITIAL_BINARY_CHECK?COMMAND
            CODE    2747H     0167H     UNIT         ?PR?COMMAND_GETCURRENT?COMMAND
            CODE    28AEH     0129H     UNIT         ?PR?FSFORMAT?FS
            CODE    29D7H     0123H     UNIT         ?PR?_FSFREE?FS
            CODE    2AFAH     0120H     UNIT         ?PR?COMMAND_UPDATEBINARY?COMMAND
            CODE    2C1AH     00FFH     UNIT         ?PR?_FSACCESSBINARY?FS
            CODE    2D19H     00FDH     UNIT         ?PR?_FS_CHECKCHILDSIBLING_FID?FS
            CODE    2E16H     00F2H     UNIT         ?PR?COMMAND_ERASEBINARY?COMMAND
            CODE    2F08H     00F1H     UNIT         ?PR?STATE_VERIFY?STATE
            CODE    2FF9H     00ECH     UNIT         ?PR?STATE_VERIFYAUTH?STATE
            CODE    30E5H     00E3H     UNIT         ?PR?_FSCREATEFILE?FS
            CODE    31C8H     00D8H     UNIT         ?PR?STATE_GETCHALLENGE?STATE
            CODE    32A0H     00AAH     UNIT         ?PR?COMMAND_INTERPRETER?COMMAND
            CODE    334AH     008CH     UNIT         ?C_C51STARTUP
            CODE    33D6H     007DH     UNIT         ?PR?COMMAND_WRITE?COMMAND
            CODE    3453H     0072H     UNIT         ?PR?_MEMORY_READBLOCK?MEMORY
            CODE    34C5H     0070H     UNIT         ?PR?_MEMORY_WRITEBLOCK?MEMORY
            CODE    3535H     0070H     UNIT         ?PR?COMMAND_VERIFY?COMMAND
            CODE    35A5H     0068H     UNIT         ?PR?COMMAND_READ?COMMAND
            CODE    360DH     0055H     UNIT         ?PR?COMMAND_READBINARY?COMMAND
            CODE    3662H     0053H     UNIT         ?PR?_FS_CHECKAC?FS
            CODE    36B5H     0051H     UNIT         ?PR?COMMAND_DELETEFILE?COMMAND
            CODE    3706H     0050H     UNIT         ?PR?SEND_ATR_DIRECT?TRANSMISSION
            CODE    3756H     004BH     UNIT         ?PR?COMMAND_GETCURRENTCHALLENGE?COMMAND
            CODE    37A1H     0047H     UNIT         ?PR?FS_GETAC?FS
            CODE    37E8H     0044H     UNIT         ?PR?_MEMORY_READBYTE?MEMORY
            CODE    382CH     0040H     UNIT         ?PR?_I2C_WRITE?I2C
            CODE    386CH     003CH     UNIT         ?PR?_MEMORY_WRITEBYTE?MEMORY
            CODE    38A8H     0039H     UNIT         ?PR?COMMAND_TES?COMMAND
            CODE    38E1H     002FH     UNIT         ?PR?I2C_READ?I2C
            CODE    3910H     0023H     UNIT         ?PR?COMMAND_GETSECURITY?COMMAND
            CODE    3933H     001EH     UNIT         ?PR?TRANSMISSION_GETHEADER?TRANSMISSION
            CODE    3951H     001DH     UNIT         ?PR?MAIN?MAIN
            CODE    396EH     001AH     UNIT         ?PR?COMMAND_READSHM?COMMAND
            CODE    3988H     0018H     UNIT         ?PR?COMMAND_FORMAT?COMMAND
            CODE    39A0H     0016H     UNIT         ?PR?STATE_INIT?STATE
            CODE    39B6H     0016H     UNIT         ?PR?COPROCESSOR_INIT?KRISNA
BL51 BANKED LINKER/LOCATER V6.22                                                      02/22/2017  16:00:38  PAGE 3


            CODE    39CCH     0014H     UNIT         ?PR?I2C_START?I2C
            CODE    39E0H     0014H     UNIT         ?PR?_STATE_SETCURRENT?STATE
            CODE    39F4H     0014H     UNIT         ?PR?_COPY_DATA_BLOCK_SEQUENTIAL?KRISNA
            CODE    3A08H     0014H     UNIT         ?PR?_COPY_DATA_BLOCK_INDEPENDENT?KRISNA
            CODE    3A1CH     0013H     UNIT         ?PR?INIT_HW?HAL
            CODE    3A2FH     0013H     UNIT         ?PR?_TRANSMISSION_SENDBYTE?TRANSMISSION
            CODE    3A42H     0013H     UNIT         ?PR?STATE_GETCURRENTCHALLENGE?STATE
            CODE    3A55H     0013H     UNIT         ?PR?_FS_SELECTFID?FS
            CODE    3A68H     0012H     UNIT         ?PR?_READ_DATA_SEQUENTIAL?KRISNA
            CODE    3A7AH     0012H     UNIT         ?PR?_READ_DATA_INDEPENDENT?KRISNA
            CODE    3A8CH     000FH     UNIT         ?PR?I2C_STOP?I2C
            CODE    3A9BH     000FH     UNIT         ?PR?TRANSMISSION_GETBYTE?TRANSMISSION
            CODE    3AAAH     000EH     UNIT         ?PR?TRANSMISSION_SENDSW?TRANSMISSION
            CODE    3AB8H     000DH     UNIT         ?PR?_WRITE_DATA_INDEPENDENT?KRISNA
            CODE    3AC5H     000DH     UNIT         ?PR?_WRITE_DATA_SEQUENTIAL?KRISNA
            CODE    3AD2H     000DH     UNIT         ?PR?_COPY_DATA_SEQUENTIAL?KRISNA
            CODE    3ADFH     000DH     UNIT         ?PR?_COPY_DATA_INDEPENDENT?KRISNA
            CODE    3AECH     000CH     UNIT         ?PR?I2C_DELAY?I2C
            CODE    3AF8H     000CH     UNIT         ?PR?_STATE_SETCURRENTRECORD?STATE
            CODE    3B04H     000CH     UNIT         ?C_INITSEG
            CODE    3B10H     000BH     UNIT         ?PR?FSSELECTMF?FS
            CODE    3B1BH     0009H     UNIT         ?PR?STATE_GETCURRENT?STATE
            CODE    3B24H     0009H     UNIT         ?PR?STATE_GETCURRENTRECORD?STATE
            CODE    3B2DH     0009H     UNIT         ?PR?_WRITE_BLOCK_SEQUENTIAL?KRISNA
            CODE    3B36H     0008H     UNIT         ?PR?GUARD_TIME?TRANSMISSION
            CODE    3B3EH     0008H     UNIT         ?PR?_FS_SEARCHALLFID?FS
            CODE    3B46H     0007H     UNIT         ?PR?FS_INIT?FS
            CODE    3B4DH     0007H     UNIT         ?PR?ECC_SEQUENTIAL?KRISNA
            CODE    3B54H     0007H     UNIT         ?PR?ECC_INDEPENDENT?KRISNA
            CODE    3B5BH     0007H     UNIT         ?PR?HASH_SEQUENTIAL?KRISNA
            CODE    3B62H     0007H     UNIT         ?PR?HASH_INDEPENDENT?KRISNA
            CODE    3B69H     0007H     UNIT         ?PR?BC3_ENCRYPT_K_SEQUENTIAL?KRISNA
            CODE    3B70H     0007H     UNIT         ?PR?BC3_ENCRYPT_K_INDEPENDENT?KRISNA
            CODE    3B77H     0007H     UNIT         ?PR?BC3_ENCRYPT_SEQUENTIAL?KRISNA
            CODE    3B7EH     0007H     UNIT         ?PR?BC3_ENCRYPT_INDEPENDENT?KRISNA
            CODE    3B85H     0007H     UNIT         ?PR?BC3_DECRYPT_K_INDEPENDENT?KRISNA
            CODE    3B8CH     0007H     UNIT         ?PR?BC3_DECRYPT_K_SEQUENTIAL?KRISNA
            CODE    3B93H     0007H     UNIT         ?PR?BC3_DECRYPT_INDEPENDENT?KRISNA
            CODE    3B9AH     0007H     UNIT         ?PR?BC3_DECRYPT_SEQUENTIAL?KRISNA
            CODE    3BA1H     0006H     UNIT         ?PR?STATE_GETCURRENTSECURITY?STATE
            CODE    3BA7H     0004H     UNIT         ?PR?_GET_PARITY?TRANSMISSION



OVERLAY MAP OF MODULE:   .\Objects\OS (?C_STARTUP)


SEGMENT                                            BIT_GROUP          XDATA_GROUP
  +--> CALLED SEGMENT                           START    LENGTH     START    LENGTH
-----------------------------------------------------------------------------------
?C_C51STARTUP                                   -----    -----      -----    -----
  +--> ?PR?MAIN?MAIN
  +--> ?C_INITSEG

?PR?MAIN?MAIN                                   -----    -----      -----    -----
  +--> ?PR?INIT_HW?HAL
  +--> ?PR?SEND_ATR_DIRECT?TRANSMISSION
BL51 BANKED LINKER/LOCATER V6.22                                                      02/22/2017  16:00:38  PAGE 4


  +--> ?PR?STATE_INIT?STATE
  +--> ?PR?FS_INIT?FS
  +--> ?PR?TRANSMISSION_GETHEADER?TRANSMISSION
  +--> ?PR?COMMAND_INTERPRETER?COMMAND
  +--> ?PR?TRANSMISSION_SENDSW?TRANSMISSION

?PR?INIT_HW?HAL                                 -----    -----      -----    -----
  +--> ?PR?COPROCESSOR_INIT?KRISNA
  +--> ?PR?I2C_STOP?I2C

?PR?I2C_STOP?I2C                                -----    -----      -----    -----
  +--> ?PR?I2C_DELAY?I2C

?PR?SEND_ATR_DIRECT?TRANSMISSION                -----    -----      -----    -----
  +--> ?PR?_TRANSMISSION_SENDBYTE?TRANSMISSION

?PR?_TRANSMISSION_SENDBYTE?TRANSMISSION         -----    -----      -----    -----
  +--> ?PR?_GET_PARITY?TRANSMISSION

?PR?FS_INIT?FS                                  -----    -----      -----    -----
  +--> ?PR?FSSELECTMF?FS

?PR?FSSELECTMF?FS                               -----    -----      -----    -----
  +--> ?PR?_STATE_SETCURRENT?STATE

?PR?TRANSMISSION_GETHEADER?TRANSMISSION         -----    -----      -----    -----
  +--> ?PR?TRANSMISSION_GETBYTE?TRANSMISSION

?PR?COMMAND_INTERPRETER?COMMAND                 -----    -----      -----    -----
  +--> ?PR?COMMAND_WRITE?COMMAND
  +--> ?PR?COMMAND_READ?COMMAND
  +--> ?PR?COMMAND_GETCURRENT?COMMAND
  +--> ?PR?COMMAND_GETSECURITY?COMMAND
  +--> ?PR?COMMAND_FORMAT?COMMAND
  +--> ?PR?COMMAND_ENCRYPT?COMMAND
  +--> ?PR?COMMAND_GETCURRENTCHALLENGE?COMMAND
  +--> ?PR?COMMAND_SELECT?COMMAND
  +--> ?PR?COMMAND_READBINARY?COMMAND
  +--> ?PR?COMMAND_UPDATEBINARY?COMMAND
  +--> ?PR?COMMAND_ERASEBINARY?COMMAND
  +--> ?PR?COMMAND_CREATEFILE?COMMAND
  +--> ?PR?COMMAND_DELETEFILE?COMMAND
  +--> ?PR?COMMAND_VERIFY?COMMAND
  +--> ?PR?COMMAND_READSHM?COMMAND
  +--> ?PR?COMMAND_READRECORD?COMMAND
  +--> ?PR?COMMAND_UPDATERECORD?COMMAND
  +--> ?PR?COMMAND_WRITERECORD?COMMAND
  +--> ?PR?COMMAND_WRITEBINARY?COMMAND
  +--> ?PR?_RESPONSE_SETSW?RESPONSE

?PR?COMMAND_WRITE?COMMAND                       -----    -----      0000H    0007H
  +--> ?PR?_TRANSMISSION_SENDBYTE?TRANSMISSION
  +--> ?PR?TRANSMISSION_GETBYTE?TRANSMISSION
  +--> ?PR?_MEMORY_WRITEBYTE?MEMORY
  +--> ?PR?_RESPONSE_SETSW?RESPONSE

?PR?_MEMORY_WRITEBYTE?MEMORY                    0020H.1  0000H.1    0165H    0003H
BL51 BANKED LINKER/LOCATER V6.22                                                      02/22/2017  16:00:38  PAGE 5


  +--> ?PR?I2C_START?I2C
  +--> ?PR?_I2C_WRITE?I2C
  +--> ?PR?I2C_STOP?I2C
  +--> ?PR?I2C_DELAY?I2C

?PR?I2C_START?I2C                               -----    -----      -----    -----
  +--> ?PR?I2C_DELAY?I2C

?PR?_I2C_WRITE?I2C                              0020H.2  0000H.1    -----    -----
  +--> ?PR?I2C_DELAY?I2C

?PR?COMMAND_READ?COMMAND                        -----    -----      0000H    0006H
  +--> ?PR?_TRANSMISSION_SENDBYTE?TRANSMISSION
  +--> ?PR?_MEMORY_READBYTE?MEMORY
  +--> ?PR?_RESPONSE_SETSW?RESPONSE

?PR?_MEMORY_READBYTE?MEMORY                     0020H.1  0000H.1    0165H    0003H
  +--> ?PR?I2C_START?I2C
  +--> ?PR?_I2C_WRITE?I2C
  +--> ?PR?I2C_READ?I2C
  +--> ?PR?I2C_STOP?I2C

?PR?I2C_READ?I2C                                0020H.2  0000H.1    -----    -----
  +--> ?PR?I2C_DELAY?I2C

?PR?COMMAND_GETCURRENT?COMMAND                  -----    -----      0000H    000DH
  +--> ?PR?STATE_GETCURRENTRECORD?STATE
  +--> ?PR?STATE_GETCURRENT?STATE
  +--> ?PR?_MEMORY_READBLOCK?MEMORY
  +--> ?PR?FS_GETAC?FS
  +--> ?PR?_TRANSMISSION_SENDBYTE?TRANSMISSION
  +--> ?PR?_RESPONSE_SETSW?RESPONSE

?PR?_MEMORY_READBLOCK?MEMORY                    -----    -----      0047H    0009H
  +--> ?PR?_MEMORY_READBYTE?MEMORY

?PR?FS_GETAC?FS                                 -----    -----      000DH    0003H
  +--> ?PR?STATE_GETCURRENT?STATE
  +--> ?PR?_MEMORY_READBLOCK?MEMORY

?PR?COMMAND_GETSECURITY?COMMAND                 -----    -----      -----    -----
  +--> ?PR?_TRANSMISSION_SENDBYTE?TRANSMISSION
  +--> ?PR?STATE_GETCURRENTSECURITY?STATE
  +--> ?PR?FS_GETAC?FS
  +--> ?PR?_RESPONSE_SETSW?RESPONSE

?PR?COMMAND_FORMAT?COMMAND                      -----    -----      0000H    0002H
  +--> ?PR?FSFORMAT?FS
  +--> ?PR?_RESPONSE_SETSW?RESPONSE

?PR?FSFORMAT?FS                                 -----    -----      0002H    0009H
  +--> ?PR?_MEMORY_WRITEBYTE?MEMORY
  +--> ?PR?_FSALLOC?FS
  +--> ?PR?_MEMORY_WRITEBLOCK?MEMORY

?PR?_FSALLOC?FS                                 0020H.0  0000H.1    0143H    0022H
  +--> ?PR?_MEMORY_READBYTE?MEMORY
BL51 BANKED LINKER/LOCATER V6.22                                                      02/22/2017  16:00:38  PAGE 6


  +--> ?PR?_MEMORY_WRITEBYTE?MEMORY

?PR?_MEMORY_WRITEBLOCK?MEMORY                   -----    -----      0143H    0009H
  +--> ?PR?_MEMORY_WRITEBYTE?MEMORY

?PR?COMMAND_ENCRYPT?COMMAND                     -----    -----      0000H    0003H
  +--> ?PR?_TRANSMISSION_SENDBYTE?TRANSMISSION
  +--> ?PR?TRANSMISSION_GETBYTE?TRANSMISSION
  +--> ?PR?_WRITE_DATA_INDEPENDENT?KRISNA
  +--> ?PR?_MEMORY_READBYTE?MEMORY
  +--> ?PR?BC3_ENCRYPT_K_SEQUENTIAL?KRISNA
  +--> ?PR?_READ_DATA_SEQUENTIAL?KRISNA
  +--> ?PR?_MEMORY_WRITEBYTE?MEMORY
  +--> ?PR?BC3_DECRYPT_K_SEQUENTIAL?KRISNA
  +--> ?PR?ECC_SEQUENTIAL?KRISNA
  +--> ?PR?HASH_SEQUENTIAL?KRISNA
  +--> ?PR?_RESPONSE_SETSW?RESPONSE

?PR?COMMAND_GETCURRENTCHALLENGE?COMMAND         -----    -----      0000H    0009H
  +--> ?PR?_TRANSMISSION_SENDBYTE?TRANSMISSION
  +--> ?PR?STATE_GETCURRENTCHALLENGE?STATE
  +--> ?PR?_RESPONSE_SETSW?RESPONSE

?PR?COMMAND_SELECT?COMMAND                      -----    -----      0000H    0009H
  +--> ?PR?STATE_GETCURRENTSECURITY?STATE
  +--> ?PR?FSSELECTMF?FS
  +--> ?PR?_TRANSMISSION_SENDBYTE?TRANSMISSION
  +--> ?PR?TRANSMISSION_GETBYTE?TRANSMISSION
  +--> ?PR?_FS_SELECTFID?FS
  +--> ?PR?_RESPONSE_SETSW?RESPONSE
  +--> ?PR?STATE_GETCURRENT?STATE
  +--> ?PR?_MEMORY_READBLOCK?MEMORY
  +--> ?PR?STATE_GETCURRENTRECORD?STATE
  +--> ?PR?_STATE_SETCURRENTRECORD?STATE

?PR?_FS_SELECTFID?FS                            -----    -----      -----    -----
  +--> ?PR?_FSSEARCHFID?FS
  +--> ?PR?_STATE_SETCURRENT?STATE

?PR?_FSSEARCHFID?FS                             -----    -----      0019H    000DH
  +--> ?PR?STATE_GETCURRENT?STATE
  +--> ?PR?_MEMORY_READBLOCK?MEMORY

?PR?COMMAND_READBINARY?COMMAND                  -----    -----      0000H    0008H
  +--> ?PR?_INITIAL_BINARY_CHECK?COMMAND
  +--> ?PR?FS_GETAC?FS
  +--> ?PR?_TRANSMISSION_SENDBYTE?TRANSMISSION
  +--> ?PR?_RESPONSE_SETSW?RESPONSE

?PR?_INITIAL_BINARY_CHECK?COMMAND               -----    -----      000AH    000FH
  +--> ?PR?STATE_GETCURRENTSECURITY?STATE
  +--> ?PR?_FS_SELECTFID?FS
  +--> ?PR?STATE_GETCURRENT?STATE
  +--> ?PR?_MEMORY_READBLOCK?MEMORY
  +--> ?PR?_RESPONSE_SETSW?RESPONSE

?PR?COMMAND_UPDATEBINARY?COMMAND                -----    -----      0000H    0008H
BL51 BANKED LINKER/LOCATER V6.22                                                      02/22/2017  16:00:38  PAGE 7


  +--> ?PR?_INITIAL_BINARY_CHECK?COMMAND
  +--> ?PR?FS_GETAC?FS
  +--> ?PR?_TRANSMISSION_SENDBYTE?TRANSMISSION
  +--> ?PR?TRANSMISSION_GETBYTE?TRANSMISSION
  +--> ?PR?_FSACCESSBINARY?FS
  +--> ?PR?_RESPONSE_SETSW?RESPONSE

?PR?_FSACCESSBINARY?FS                          -----    -----      001DH    000BH
  +--> ?PR?STATE_GETCURRENT?STATE
  +--> ?PR?_MEMORY_READBLOCK?MEMORY
  +--> ?PR?_MEMORY_WRITEBLOCK?MEMORY

?PR?COMMAND_ERASEBINARY?COMMAND                 -----    -----      0000H    0007H
  +--> ?PR?_INITIAL_BINARY_CHECK?COMMAND
  +--> ?PR?FS_GETAC?FS
  +--> ?PR?_FSACCESSBINARY?FS
  +--> ?PR?_RESPONSE_SETSW?RESPONSE

?PR?COMMAND_CREATEFILE?COMMAND                  -----    -----      0000H    002BH
  +--> ?PR?_TRANSMISSION_SENDBYTE?TRANSMISSION
  +--> ?PR?TRANSMISSION_GETBYTE?TRANSMISSION
  +--> ?PR?STATE_GETCURRENTSECURITY?STATE
  +--> ?PR?_FSCREATEFILE?FS
  +--> ?PR?_RESPONSE_SETSW?RESPONSE

?PR?_FSCREATEFILE?FS                            -----    -----      002BH    000CH
  +--> ?PR?STATE_GETCURRENT?STATE
  +--> ?PR?_MEMORY_READBLOCK?MEMORY
  +--> ?PR?_FSCREATEHEADER?FS
  +--> ?PR?_FSCREATEBODYEF?FS
  +--> ?PR?_MEMORY_WRITEBLOCK?MEMORY
  +--> ?PR?_STATE_SETCURRENT?STATE

?PR?_FSCREATEHEADER?FS                          -----    -----      0037H    0010H
  +--> ?PR?STATE_GETCURRENT?STATE
  +--> ?PR?_FSALLOC?FS
  +--> ?PR?_MEMORY_WRITEBLOCK?MEMORY
  +--> ?PR?_MEMORY_READBLOCK?MEMORY

?PR?_FSCREATEBODYEF?FS                          -----    -----      0037H    010CH
  +--> ?PR?_FSALLOC?FS
  +--> ?PR?_MEMORY_WRITEBLOCK?MEMORY
  +--> ?PR?_TRANSMISSION_SENDBYTE?TRANSMISSION
  +--> ?PR?TRANSMISSION_GETBYTE?TRANSMISSION

?PR?COMMAND_DELETEFILE?COMMAND                  -----    -----      0000H    0002H
  +--> ?PR?_TRANSMISSION_SENDBYTE?TRANSMISSION
  +--> ?PR?TRANSMISSION_GETBYTE?TRANSMISSION
  +--> ?PR?_FSDELETEFILE?FS
  +--> ?PR?_RESPONSE_SETSW?RESPONSE

?PR?_FSDELETEFILE?FS                            -----    -----      0002H    000FH
  +--> ?PR?_FSSEARCHFID?FS
  +--> ?PR?_MEMORY_READBLOCK?MEMORY
  +--> ?PR?_MEMORY_WRITEBLOCK?MEMORY
  +--> ?PR?_FSFREE?FS

BL51 BANKED LINKER/LOCATER V6.22                                                      02/22/2017  16:00:38  PAGE 8


?PR?_FSFREE?FS                                  -----    -----      0011H    000CH
  +--> ?PR?_MEMORY_READBYTE?MEMORY
  +--> ?PR?_MEMORY_WRITEBYTE?MEMORY

?PR?COMMAND_VERIFY?COMMAND                      -----    -----      0000H    0001H
  +--> ?PR?_TRANSMISSION_SENDBYTE?TRANSMISSION
  +--> ?PR?TRANSMISSION_GETBYTE?TRANSMISSION
  +--> ?PR?STATE_VERIFY?STATE
  +--> ?PR?_MEMORY_READBYTE?MEMORY
  +--> ?PR?_RESPONSE_SETSW?RESPONSE

?PR?STATE_VERIFY?STATE                          -----    -----      0001H    0004H
  +--> ?PR?_MEMORY_READBYTE?MEMORY
  +--> ?PR?_WRITE_DATA_INDEPENDENT?KRISNA
  +--> ?PR?HASH_SEQUENTIAL?KRISNA
  +--> ?PR?_READ_DATA_SEQUENTIAL?KRISNA
  +--> ?PR?_MEMORY_WRITEBYTE?MEMORY

?PR?COMMAND_READSHM?COMMAND                     -----    -----      -----    -----
  +--> ?PR?_TRANSMISSION_SENDBYTE?TRANSMISSION
  +--> ?PR?_READ_DATA_INDEPENDENT?KRISNA
  +--> ?PR?_RESPONSE_SETSW?RESPONSE

?PR?COMMAND_READRECORD?COMMAND                  -----    -----      0000H    000CH
  +--> ?PR?STATE_GETCURRENTSECURITY?STATE
  +--> ?PR?STATE_GETCURRENT?STATE
  +--> ?PR?_MEMORY_READBLOCK?MEMORY
  +--> ?PR?FS_GETAC?FS
  +--> ?PR?STATE_GETCURRENTRECORD?STATE
  +--> ?PR?_TRANSMISSION_SENDBYTE?TRANSMISSION
  +--> ?PR?_READ_ONE_RECORD?COMMAND
  +--> ?PR?_RESPONSE_SETSW?RESPONSE

?PR?_READ_ONE_RECORD?COMMAND                    -----    -----      000CH    000FH
  +--> ?PR?_MEMORY_READBLOCK?MEMORY
  +--> ?PR?_FSACCESSBINARY?FS
  +--> ?PR?_TRANSMISSION_SENDBYTE?TRANSMISSION

?PR?COMMAND_UPDATERECORD?COMMAND                -----    -----      0000H    000CH
  +--> ?PR?STATE_GETCURRENTSECURITY?STATE
  +--> ?PR?STATE_GETCURRENT?STATE
  +--> ?PR?_MEMORY_READBLOCK?MEMORY
  +--> ?PR?FS_GETAC?FS
  +--> ?PR?STATE_GETCURRENTRECORD?STATE
  +--> ?PR?_UPDATE_ONE_RECORD?COMMAND
  +--> ?PR?_RESPONSE_SETSW?RESPONSE

?PR?_UPDATE_ONE_RECORD?COMMAND                  -----    -----      000CH    000FH
  +--> ?PR?_MEMORY_READBLOCK?MEMORY
  +--> ?PR?_TRANSMISSION_SENDBYTE?TRANSMISSION
  +--> ?PR?TRANSMISSION_GETBYTE?TRANSMISSION
  +--> ?PR?_FSACCESSBINARY?FS

?PR?COMMAND_WRITERECORD?COMMAND                 -----    -----      0000H    000CH
  +--> ?PR?STATE_GETCURRENTSECURITY?STATE
  +--> ?PR?STATE_GETCURRENT?STATE
  +--> ?PR?_MEMORY_READBLOCK?MEMORY
BL51 BANKED LINKER/LOCATER V6.22                                                      02/22/2017  16:00:38  PAGE 9


  +--> ?PR?FS_GETAC?FS
  +--> ?PR?STATE_GETCURRENTRECORD?STATE
  +--> ?PR?_UPDATE_ONE_RECORD?COMMAND
  +--> ?PR?_WRITE_ONE_RECORD?COMMAND
  +--> ?PR?_RESPONSE_SETSW?RESPONSE

?PR?_WRITE_ONE_RECORD?COMMAND                   -----    -----      000CH    0011H
  +--> ?PR?_MEMORY_READBLOCK?MEMORY
  +--> ?PR?_TRANSMISSION_SENDBYTE?TRANSMISSION
  +--> ?PR?TRANSMISSION_GETBYTE?TRANSMISSION
  +--> ?PR?_FSACCESSBINARY?FS

?PR?COMMAND_WRITEBINARY?COMMAND                 -----    -----      0000H    000AH
  +--> ?PR?_INITIAL_BINARY_CHECK?COMMAND
  +--> ?PR?FS_GETAC?FS
  +--> ?PR?_TRANSMISSION_SENDBYTE?TRANSMISSION
  +--> ?PR?TRANSMISSION_GETBYTE?TRANSMISSION
  +--> ?PR?_FSACCESSBINARY?FS
  +--> ?PR?_RESPONSE_SETSW?RESPONSE

?PR?TRANSMISSION_SENDSW?TRANSMISSION            -----    -----      -----    -----
  +--> ?PR?_TRANSMISSION_SENDBYTE?TRANSMISSION



UNRESOLVED EXTERNAL SYMBOLS:
   COMMAND_EXTERNALAUTH
   COMMAND_GETCHALLENGE
   COMMAND_GETRESPONSE



SYMBOL TABLE OF MODULE:  .\Objects\OS (?C_STARTUP)

  VALUE           TYPE          NAME
  ----------------------------------

  -------         MODULE        ?C_STARTUP
  C:334AH         SEGMENT       ?C_C51STARTUP
  I:0021H         SEGMENT       ?STACK
  C:0000H         PUBLIC        ?C_STARTUP
  D:00E0H         SYMBOL        ACC
  D:00F0H         SYMBOL        B
  D:0083H         SYMBOL        DPH
  D:0082H         SYMBOL        DPL
  N:0000H         SYMBOL        IBPSTACK
  N:0100H         SYMBOL        IBPSTACKTOP
  N:0080H         SYMBOL        IDATALEN
  C:334DH         SYMBOL        IDATALOOP
  N:0000H         SYMBOL        PBPSTACK
  N:0100H         SYMBOL        PBPSTACKTOP
  N:0000H         SYMBOL        PDATALEN
  N:0000H         SYMBOL        PDATASTART
  N:0000H         SYMBOL        PPAGE
  N:0000H         SYMBOL        PPAGEENABLE
  D:00A0H         SYMBOL        PPAGE_SFR
  D:0081H         SYMBOL        SP
BL51 BANKED LINKER/LOCATER V6.22                                                      02/22/2017  16:00:38  PAGE 10


  C:334AH         SYMBOL        STARTUP1
  N:0000H         SYMBOL        XBPSTACK
  N:0000H         SYMBOL        XBPSTACKTOP
  N:0000H         SYMBOL        XDATALEN
  N:0000H         SYMBOL        XDATASTART
  C:0000H         LINE#         126
  C:334AH         LINE#         133
  C:334CH         LINE#         134
  C:334DH         LINE#         135
  C:334EH         LINE#         136
  C:3350H         LINE#         185
  C:3353H         LINE#         196
  -------         ENDMOD        ?C_STARTUP

  -------         MODULE        MAIN
  C:0000H         SYMBOL        _ICE_DUMMY_
  D:0090H         PUBLIC        P1
  C:3951H         PUBLIC        main
  X:020CH         PUBLIC        buf
  B:0090H.3       PUBLIC        ATR_START
  B:0090H.4       PUBLIC        ATR_DONE
  -------         PROC          MAIN
  C:3951H         LINE#         16
  C:3951H         LINE#         17
  C:3953H         LINE#         18
  C:3955H         LINE#         19
  C:3958H         LINE#         21
  C:395BH         LINE#         22
  C:395EH         LINE#         23
  C:3961H         LINE#         25
  C:3963H         LINE#         26
  C:3963H         LINE#         27
  C:3966H         LINE#         28
  C:3969H         LINE#         29
  C:396CH         LINE#         30
  -------         ENDPROC       MAIN
  -------         ENDMOD        MAIN

  -------         MODULE        MEMORY
  C:0000H         SYMBOL        _ICE_DUMMY_
  C:386CH         PUBLIC        _Memory_WriteByte
  X:0219H         PUBLIC        eeprom_ID_write
  X:021AH         PUBLIC        LSB_address
  C:3453H         PUBLIC        _Memory_ReadBlock
  C:34C5H         PUBLIC        _Memory_WriteBlock
  C:37E8H         PUBLIC        _Memory_ReadByte
  X:021BH         PUBLIC        eeprom_ID_read
  -------         PROC          _MEMORY_READBYTE
  D:0004H         SYMBOL        address
  -------         DO            
  X:0165H         SYMBOL        dat_byte
  X:0166H         SYMBOL        address_high_eeprom
  X:0167H         SYMBOL        address_low_eeprom
  B:0020H.1       SYMBOL        acknowledge
  -------         ENDDO         
  C:37E8H         LINE#         44
  C:37ECH         LINE#         48
BL51 BANKED LINKER/LOCATER V6.22                                                      02/22/2017  16:00:38  PAGE 11


  C:37EEH         LINE#         50
  C:37F3H         LINE#         51
  C:37F6H         LINE#         52
  C:37F6H         LINE#         53
  C:37F9H         LINE#         54
  C:3800H         LINE#         55
  C:3803H         LINE#         57
  C:380BH         LINE#         58
  C:3813H         LINE#         59
  C:3816H         LINE#         60
  C:381BH         LINE#         61
  C:3823H         LINE#         62
  C:3826H         LINE#         63
  C:382BH         LINE#         64
  -------         ENDPROC       _MEMORY_READBYTE
  -------         PROC          _MEMORY_WRITEBYTE
  D:0002H         SYMBOL        address
  X:0165H         SYMBOL        data_to_send
  -------         DO            
  X:0166H         SYMBOL        address_high_eeprom
  X:0167H         SYMBOL        address_low_eeprom
  B:0020H.1       SYMBOL        acknowledge
  -------         ENDDO         
  C:386CH         LINE#         140
  C:3875H         LINE#         144
  C:3877H         LINE#         146
  C:387AH         LINE#         147
  C:387DH         LINE#         148
  C:387DH         LINE#         149
  C:3880H         LINE#         150
  C:3887H         LINE#         151
  C:388AH         LINE#         152
  C:3892H         LINE#         153
  C:389AH         LINE#         154
  C:38A2H         LINE#         155
  C:38A5H         LINE#         156
  -------         ENDPROC       _MEMORY_WRITEBYTE
  -------         PROC          _MEMORY_READBLOCK
  X:0047H         SYMBOL        address
  X:0049H         SYMBOL        read_size
  X:004BH         SYMBOL        databyte
  -------         DO            
  X:004EH         SYMBOL        count
  -------         ENDDO         
  C:3453H         LINE#         217
  C:346AH         LINE#         219
  C:3485H         LINE#         220
  C:34ACH         LINE#         221
  C:34BCH         LINE#         222
  C:34C4H         LINE#         223
  -------         ENDPROC       _MEMORY_READBLOCK
  -------         PROC          _MEMORY_WRITEBLOCK
  X:0143H         SYMBOL        address
  X:0145H         SYMBOL        write_size
  X:0147H         SYMBOL        databyte
  -------         DO            
  X:014AH         SYMBOL        count
BL51 BANKED LINKER/LOCATER V6.22                                                      02/22/2017  16:00:38  PAGE 12


  -------         ENDDO         
  C:34C5H         LINE#         225
  C:34DCH         LINE#         227
  C:34F7H         LINE#         228
  C:351CH         LINE#         229
  C:352CH         LINE#         230
  C:3534H         LINE#         231
  -------         ENDPROC       _MEMORY_WRITEBLOCK
  -------         ENDMOD        MEMORY

  -------         MODULE        HAL
  C:0000H         SYMBOL        _ICE_DUMMY_
  B:0098H.1       PUBLIC        TI
  D:0098H         PUBLIC        SCON
  D:0089H         PUBLIC        TMOD
  C:3A1CH         PUBLIC        init_HW
  D:008DH         PUBLIC        TH1
  B:0088H.6       PUBLIC        TR1
  -------         PROC          INIT_HW
  C:3A1CH         LINE#         5
  C:3A1CH         LINE#         6
  C:3A1FH         LINE#         7
  C:3A22H         LINE#         8
  C:3A25H         LINE#         9
  C:3A28H         LINE#         10
  C:3A2AH         LINE#         11
  C:3A2CH         LINE#         12
  -------         ENDPROC       INIT_HW
  -------         ENDMOD        HAL

  -------         MODULE        I2C
  C:0000H         SYMBOL        _ICE_DUMMY_
  D:0090H         PUBLIC        P1
  C:3AF7H         PUBLIC        I2C_delay
  C:38E1H         PUBLIC        I2C_read
  C:382CH         PUBLIC        _I2C_write
  C:39CCH         PUBLIC        I2C_start
  B:0090H.0       PUBLIC        SDA
  B:0090H.1       PUBLIC        SCL
  C:3A8CH         PUBLIC        I2C_stop
  C:3AEFH         SYMBOL        L?0013
  -------         PROC          L?0012
  -------         ENDPROC       L?0012
  C:3AEFH         SYMBOL        L?0013
  -------         PROC          I2C_DELAY
  C:3AF7H         LINE#         7
  C:3AF7H         LINE#         8
  C:3AF7H         LINE#         12
  -------         ENDPROC       I2C_DELAY
  -------         PROC          I2C_START
  C:39CCH         LINE#         15
  C:39CCH         LINE#         16
  C:39CCH         LINE#         17
  C:39CEH         LINE#         18
  C:39D0H         LINE#         19
  C:39D0H         LINE#         20
  C:39D0H         LINE#         21
BL51 BANKED LINKER/LOCATER V6.22                                                      02/22/2017  16:00:38  PAGE 13


  C:39D0H         LINE#         22
  C:39D0H         LINE#         23
  C:39D3H         LINE#         24
  C:39D5H         LINE#         25
  C:39D8H         LINE#         26
  C:39DBH         LINE#         27
  C:39DDH         LINE#         28
  -------         ENDPROC       I2C_START
  -------         PROC          I2C_STOP
  C:3A8CH         LINE#         31
  C:3A8CH         LINE#         32
  C:3A8CH         LINE#         33
  C:3A8EH         LINE#         34
  C:3A90H         LINE#         35
  C:3A90H         LINE#         36
  C:3A90H         LINE#         37
  C:3A90H         LINE#         38
  C:3A90H         LINE#         39
  C:3A93H         LINE#         40
  C:3A95H         LINE#         41
  C:3A98H         LINE#         42
  -------         ENDPROC       I2C_STOP
  -------         PROC          _I2C_WRITE
  D:0007H         SYMBOL        dat
  -------         DO            
  B:0020H.2       SYMBOL        data_bit
  D:0006H         SYMBOL        i
  -------         ENDDO         
  C:382CH         LINE#         45
  C:382CH         LINE#         46
  C:382CH         LINE#         50
  C:382EH         LINE#         51
  C:382EH         LINE#         52
  C:3830H         LINE#         53
  C:3834H         LINE#         54
  C:3838H         LINE#         55
  C:383BH         LINE#         56
  C:383DH         LINE#         57
  C:3841H         LINE#         58
  C:3844H         LINE#         59
  C:3847H         LINE#         60
  C:3849H         LINE#         61
  C:384CH         LINE#         62
  C:3851H         LINE#         63
  C:3853H         LINE#         64
  C:3855H         LINE#         65
  C:3858H         LINE#         66
  C:385AH         LINE#         67
  C:385EH         LINE#         68
  C:3861H         LINE#         69
  C:3864H         LINE#         70
  C:3866H         LINE#         71
  C:3869H         LINE#         72
  C:386BH         LINE#         73
  -------         ENDPROC       _I2C_WRITE
  -------         PROC          I2C_READ
  -------         DO            
BL51 BANKED LINKER/LOCATER V6.22                                                      02/22/2017  16:00:38  PAGE 14


  B:0020H.2       SYMBOL        rd_bit
  D:0006H         SYMBOL        i
  D:0007H         SYMBOL        dat
  -------         ENDDO         
  C:38E1H         LINE#         75
  C:38E1H         LINE#         76
  C:38E1H         LINE#         80
  C:38E3H         LINE#         81
  C:38E5H         LINE#         82
  C:38E6H         LINE#         83
  C:38E6H         LINE#         84
  C:38E8H         LINE#         85
  C:38E8H         LINE#         86
  C:38E8H         LINE#         88
  C:38E8H         LINE#         89
  C:38EBH         LINE#         90
  C:38EFH         LINE#         91
  C:38F3H         LINE#         92
  C:38F9H         LINE#         93
  C:38FBH         LINE#         94
  C:38FEH         LINE#         96
  C:3903H         LINE#         97
  C:3905H         LINE#         98
  C:3907H         LINE#         99
  C:3907H         LINE#         100
  C:3907H         LINE#         101
  C:3907H         LINE#         102
  C:390AH         LINE#         103
  C:390CH         LINE#         104
  C:390FH         LINE#         105
  C:390FH         LINE#         106
  -------         ENDPROC       I2C_READ
  -------         ENDMOD        I2C

  -------         MODULE        COMMAND
  C:0000H         SYMBOL        _ICE_DUMMY_
  C:184AH         PUBLIC        Command_CreateFile
  C:2E16H         PUBLIC        Command_EraseBinary
  C:0809H         PUBLIC        Command_ReadRecord
  C:244DH         PUBLIC        Command_Select
  C:360DH         PUBLIC        Command_ReadBinary
  C:396EH         PUBLIC        Command_ReadSHM
  C:04D4H         PUBLIC        Command_Encrypt
  C:3988H         PUBLIC        Command_Format
  C:0D8CH         PUBLIC        Command_WriteRecord
  C:22BBH         PUBLIC        Command_WriteBinary
  C:3535H         PUBLIC        Command_Verify
  C:35A5H         PUBLIC        Command_Read
  C:3910H         PUBLIC        Command_GetSecurity
  C:1DE3H         PUBLIC        _Update_One_Record
  C:2747H         PUBLIC        Command_GetCurrent
  C:33D6H         PUBLIC        Command_Write
  C:3756H         PUBLIC        Command_GetCurrentChallenge
  C:32A0H         PUBLIC        Command_Interpreter
  C:1F98H         PUBLIC        _Read_One_Record
  X:0168H         PUBLIC        pin
  C:38A8H         PUBLIC        Command_Tes
BL51 BANKED LINKER/LOCATER V6.22                                                      02/22/2017  16:00:38  PAGE 15


  X:016CH         PUBLIC        encrypted
  C:1217H         PUBLIC        _Write_One_Record
  C:25CFH         PUBLIC        _Initial_Binary_Check
  C:0FD3H         PUBLIC        Command_UpdateRecord
  C:2AFAH         PUBLIC        Command_UpdateBinary
  X:0174H         PUBLIC        response
  C:36B5H         PUBLIC        Command_DeleteFile
  X:01CEH         PUBLIC        buffer
  X:01D6H         PUBLIC        resplen
  -------         PROC          COMMAND_WRITE
  -------         DO            
  X:0000H         SYMBOL        i
  X:0002H         SYMBOL        length
  X:0004H         SYMBOL        data_to_write
  X:0005H         SYMBOL        address_EEPROM
  -------         ENDDO         
  C:33D6H         LINE#         29
  C:33D6H         LINE#         30
  C:33D6H         LINE#         36
  C:33EBH         LINE#         38
  C:33F8H         LINE#         40
  C:3414H         LINE#         41
  C:3414H         LINE#         43
  C:341DH         LINE#         46
  C:3426H         LINE#         48
  C:343DH         LINE#         49
  C:344DH         LINE#         52
  -------         ENDPROC       COMMAND_WRITE
  -------         PROC          COMMAND_READ
  -------         DO            
  X:0000H         SYMBOL        i
  X:0001H         SYMBOL        length
  X:0003H         SYMBOL        address_EEPROM
  X:0005H         SYMBOL        data_to_read
  -------         ENDDO         
  C:35A5H         LINE#         56
  C:35A5H         LINE#         57
  C:35A5H         LINE#         64
  C:35B2H         LINE#         65
  C:35C7H         LINE#         68
  C:35CFH         LINE#         70
  C:35E8H         LINE#         71
  C:35E8H         LINE#         72
  C:35FCH         LINE#         73
  C:35FFH         LINE#         74
  C:3607H         LINE#         77
  -------         ENDPROC       COMMAND_READ
  -------         PROC          COMMAND_TES
  -------         DO            
  X:021FH         SYMBOL        result
  -------         ENDDO         
  C:38A8H         LINE#         81
  C:38A8H         LINE#         86
  C:38C2H         LINE#         88
  C:38CAH         LINE#         89
  C:38D2H         LINE#         90
  C:38DBH         LINE#         92
BL51 BANKED LINKER/LOCATER V6.22                                                      02/22/2017  16:00:38  PAGE 16


  -------         ENDPROC       COMMAND_TES
  -------         PROC          COMMAND_READSHM
  -------         DO            
  D:0007H         SYMBOL        data_to_read
  D:0007H         SYMBOL        address_SHM
  -------         ENDDO         
  C:396EH         LINE#         96
  C:396EH         LINE#         99
  C:3977H         LINE#         100
  C:397CH         LINE#         101
  C:397FH         LINE#         102
  C:3982H         LINE#         103
  -------         ENDPROC       COMMAND_READSHM
  -------         PROC          COMMAND_GETCURRENT
  -------         DO            
  X:0000H         SYMBOL        current
  X:0002H         SYMBOL        body
  X:0004H         SYMBOL        length
  X:0006H         SYMBOL        record_num
  X:0008H         SYMBOL        ac
  X:0009H         SYMBOL        structure
  X:000AH         SYMBOL        tag
  X:000BH         SYMBOL        record_current_addr
  X:000CH         SYMBOL        record_next_addr
  -------         ENDDO         
  C:2747H         LINE#         134
  C:2747H         LINE#         135
  C:2747H         LINE#         139
  C:2752H         LINE#         140
  C:275DH         LINE#         141
  C:277CH         LINE#         142
  C:279EH         LINE#         143
  C:27C0H         LINE#         144
  C:27E2H         LINE#         145
  C:27EAH         LINE#         146
  C:2816H         LINE#         147
  C:2844H         LINE#         149
  C:284CH         LINE#         150
  C:2854H         LINE#         151
  C:285DH         LINE#         152
  C:2865H         LINE#         153
  C:286EH         LINE#         154
  C:2876H         LINE#         155
  C:287FH         LINE#         156
  C:2887H         LINE#         157
  C:288FH         LINE#         158
  C:2897H         LINE#         159
  C:289FH         LINE#         160
  C:28A8H         LINE#         163
  -------         ENDPROC       COMMAND_GETCURRENT
  -------         PROC          COMMAND_GETSECURITY
  -------         DO            
  D:0007H         SYMBOL        security
  D:0007H         SYMBOL        acread
  -------         ENDDO         
  C:3910H         LINE#         166
  C:3910H         LINE#         167
BL51 BANKED LINKER/LOCATER V6.22                                                      02/22/2017  16:00:38  PAGE 17


  C:3910H         LINE#         170
  C:3918H         LINE#         171
  C:391BH         LINE#         172
  C:391EH         LINE#         174
  C:3927H         LINE#         175
  C:392AH         LINE#         176
  C:392DH         LINE#         177
  C:392DH         LINE#         179
  -------         ENDPROC       COMMAND_GETSECURITY
  -------         PROC          COMMAND_FORMAT
  -------         DO            
  X:0000H         SYMBOL        i
  -------         ENDDO         
  C:3988H         LINE#         182
  C:3988H         LINE#         184
  C:3997H         LINE#         185
  C:399BH         LINE#         187
  C:399BH         LINE#         189
  C:399FH         LINE#         190
  -------         ENDPROC       COMMAND_FORMAT
  -------         PROC          COMMAND_ENCRYPT
  -------         DO            
  X:0000H         SYMBOL        i
  X:0002H         SYMBOL        temp
  -------         ENDDO         
  C:04D4H         LINE#         193
  C:04D4H         LINE#         196
  C:04DFH         LINE#         197
  C:04F8H         LINE#         198
  C:0501H         LINE#         200
  C:050AH         LINE#         201
  C:0519H         LINE#         202
  C:0530H         LINE#         203
  C:053FH         LINE#         204
  C:054FH         LINE#         205
  C:0552H         LINE#         206
  C:0558H         LINE#         207
  C:0572H         LINE#         208
  C:058EH         LINE#         209
  C:05A5H         LINE#         210
  C:05B5H         LINE#         211
  C:05D0H         LINE#         212
  C:05E7H         LINE#         213
  C:05FEH         LINE#         214
  C:060DH         LINE#         215
  C:061DH         LINE#         216
  C:0620H         LINE#         217
  C:0626H         LINE#         218
  C:0641H         LINE#         219
  C:0658H         LINE#         220
  C:0668H         LINE#         221
  C:0668H         LINE#         223
  C:0673H         LINE#         224
  C:0679H         LINE#         225
  C:0682H         LINE#         226
  C:068BH         LINE#         227
  C:0698H         LINE#         228
BL51 BANKED LINKER/LOCATER V6.22                                                      02/22/2017  16:00:38  PAGE 18


  C:06B5H         LINE#         230
  C:06BCH         LINE#         231
  C:06C5H         LINE#         232
  C:06CEH         LINE#         233
  C:06DDH         LINE#         234
  C:06F3H         LINE#         235
  C:0710H         LINE#         236
  C:0713H         LINE#         237
  C:072AH         LINE#         238
  C:0745H         LINE#         239
  C:075CH         LINE#         240
  C:076CH         LINE#         241
  C:076CH         LINE#         243
  C:0777H         LINE#         244
  C:077DH         LINE#         245
  C:0786H         LINE#         246
  C:078FH         LINE#         247
  C:079EH         LINE#         248
  C:07BBH         LINE#         249
  C:07BEH         LINE#         250
  C:07D5H         LINE#         251
  C:07E2H         LINE#         252
  C:07F3H         LINE#         253
  C:0803H         LINE#         254
  C:0803H         LINE#         256
  -------         ENDPROC       COMMAND_ENCRYPT
  -------         PROC          COMMAND_GETCURRENTCHALLENGE
  -------         DO            
  X:0000H         SYMBOL        i
  X:0001H         SYMBOL        buf
  -------         ENDDO         
  C:3756H         LINE#         260
  C:3756H         LINE#         262
  C:3763H         LINE#         263
  C:3769H         LINE#         265
  C:3769H         LINE#         268
  C:3771H         LINE#         269
  C:3774H         LINE#         271
  C:3783H         LINE#         272
  C:3792H         LINE#         273
  C:379AH         LINE#         274
  C:37A0H         LINE#         275
  -------         ENDPROC       COMMAND_GETCURRENTCHALLENGE
  -------         PROC          COMMAND_CREATEFILE
  -------         DO            
  X:0000H         SYMBOL        tag
  X:0001H         SYMBOL        file_size
  X:0003H         SYMBOL        fid
  X:0005H         SYMBOL        ac
  D:0007H         SYMBOL        record_le
  X:0006H         SYMBOL        result
  X:0007H         SYMBOL        df
  X:001DH         SYMBOL        ef
  X:0028H         SYMBOL        filetype
  X:0029H         SYMBOL        rfu1
  X:002AH         SYMBOL        rfu2
  -------         ENDDO         
BL51 BANKED LINKER/LOCATER V6.22                                                      02/22/2017  16:00:38  PAGE 19


  C:184AH         LINE#         278
  C:184AH         LINE#         279
  C:184AH         LINE#         288
  C:1853H         LINE#         289
  C:185FH         LINE#         290
  C:1868H         LINE#         291
  C:1874H         LINE#         294
  C:187DH         LINE#         295
  C:188CH         LINE#         296
  C:1895H         LINE#         297
  C:18A7H         LINE#         300
  C:18B0H         LINE#         301
  C:18BFH         LINE#         302
  C:18C8H         LINE#         303
  C:18DAH         LINE#         306
  C:18E3H         LINE#         307
  C:18EFH         LINE#         310
  C:18F8H         LINE#         311
  C:1904H         LINE#         314
  C:1913H         LINE#         315
  C:191AH         LINE#         317
  C:191AH         LINE#         320
  C:1922H         LINE#         321
  C:1928H         LINE#         322
  C:192AH         LINE#         323
  C:193DH         LINE#         324
  C:1943H         LINE#         325
  C:1945H         LINE#         326
  C:194AH         LINE#         327
  C:194AH         LINE#         329
  C:195AH         LINE#         330
  C:195AH         LINE#         331
  C:1969H         LINE#         332
  C:1971H         LINE#         333
  C:1974H         LINE#         334
  C:1974H         LINE#         335
  C:1983H         LINE#         336
  C:1988H         LINE#         337
  C:1990H         LINE#         338
  C:199FH         LINE#         339
  C:19B1H         LINE#         340
  C:19B1H         LINE#         341
  C:19B1H         LINE#         342
  C:19B3H         LINE#         343
  C:19B3H         LINE#         344
  C:19B3H         LINE#         345
  C:19B9H         LINE#         347
  C:19C2H         LINE#         348
  C:19C9H         LINE#         349
  C:19CEH         LINE#         350
  C:19D0H         LINE#         351
  C:19D0H         LINE#         352
  C:19D0H         LINE#         353
  C:19D6H         LINE#         354
  C:19D8H         LINE#         355
  C:19D8H         LINE#         356
  C:19DEH         LINE#         357
BL51 BANKED LINKER/LOCATER V6.22                                                      02/22/2017  16:00:38  PAGE 20


  C:19E0H         LINE#         358
  C:19E6H         LINE#         360
  C:19E6H         LINE#         361
  C:19FBH         LINE#         363
  C:19FDH         LINE#         364
  C:19FDH         LINE#         365
  C:1A03H         LINE#         366
  C:1A03H         LINE#         368
  C:1A1AH         LINE#         369
  C:1A1AH         LINE#         370
  C:1A1DH         LINE#         371
  C:1A1FH         LINE#         372
  C:1A1FH         LINE#         373
  C:1A23H         LINE#         374
  C:1A25H         LINE#         375
  C:1A25H         LINE#         376
  C:1A29H         LINE#         377
  C:1A2BH         LINE#         378
  C:1A2BH         LINE#         379
  C:1A2FH         LINE#         380
  C:1A31H         LINE#         381
  C:1A31H         LINE#         382
  C:1A35H         LINE#         383
  C:1A37H         LINE#         384
  C:1A37H         LINE#         385
  C:1A3EH         LINE#         386
  C:1A3EH         LINE#         387
  C:1A3EH         LINE#         388
  -------         ENDPROC       COMMAND_CREATEFILE
  -------         PROC          COMMAND_SELECT
  -------         DO            
  D:0006H         SYMBOL        current
  X:0000H         SYMBOL        body
  X:0002H         SYMBOL        length
  X:0004H         SYMBOL        fid
  X:0006H         SYMBOL        record_num
  X:0008H         SYMBOL        structure
  -------         ENDDO         
  C:244DH         LINE#         390
  C:244DH         LINE#         391
  C:244DH         LINE#         398
  C:245CH         LINE#         399
  C:2463H         LINE#         401
  C:2463H         LINE#         404
  C:2469H         LINE#         406
  C:246FH         LINE#         407
  C:2472H         LINE#         408
  C:2472H         LINE#         409
  C:2474H         LINE#         410
  C:247DH         LINE#         411
  C:248CH         LINE#         413
  C:2495H         LINE#         414
  C:24AFH         LINE#         416
  C:24BEH         LINE#         417
  C:24BEH         LINE#         418
  C:24C4H         LINE#         419
  C:24C6H         LINE#         420
BL51 BANKED LINKER/LOCATER V6.22                                                      02/22/2017  16:00:38  PAGE 21


  C:24C6H         LINE#         421
  C:24C6H         LINE#         422
  C:24CDH         LINE#         424
  C:24CDH         LINE#         425
  C:24CDH         LINE#         426
  C:24CDH         LINE#         427
  C:24CDH         LINE#         428
  C:24D4H         LINE#         430
  C:24D4H         LINE#         433
  C:24D7H         LINE#         434
  C:24F3H         LINE#         435
  C:2515H         LINE#         436
  C:2537H         LINE#         438
  C:2548H         LINE#         439
  C:254EH         LINE#         440
  C:2555H         LINE#         441
  C:2558H         LINE#         442
  C:255AH         LINE#         443
  C:2561H         LINE#         444
  C:2571H         LINE#         445
  C:2571H         LINE#         446
  C:2573H         LINE#         447
  C:257BH         LINE#         448
  C:258AH         LINE#         449
  C:2590H         LINE#         451
  C:2590H         LINE#         452
  C:25A1H         LINE#         453
  C:25A1H         LINE#         454
  C:25A1H         LINE#         455
  C:25A3H         LINE#         456
  C:25AAH         LINE#         457
  C:25B3H         LINE#         458
  C:25B9H         LINE#         460
  C:25B9H         LINE#         461
  C:25CBH         LINE#         462
  C:25CEH         LINE#         463
  C:25CEH         LINE#         464
  C:25CEH         LINE#         465
  C:25CEH         LINE#         466
  -------         ENDPROC       COMMAND_SELECT
  -------         PROC          COMMAND_DELETEFILE
  -------         DO            
  X:0000H         SYMBOL        fid
  -------         ENDDO         
  C:36B5H         LINE#         468
  C:36B5H         LINE#         471
  C:36BEH         LINE#         472
  C:36CDH         LINE#         474
  C:36D6H         LINE#         475
  C:36F0H         LINE#         477
  C:36F9H         LINE#         478
  C:36F9H         LINE#         479
  C:36FCH         LINE#         480
  C:36FEH         LINE#         481
  C:36FEH         LINE#         482
  C:3705H         LINE#         483
  C:3705H         LINE#         484
BL51 BANKED LINKER/LOCATER V6.22                                                      02/22/2017  16:00:38  PAGE 22


  C:3705H         LINE#         485
  -------         ENDPROC       COMMAND_DELETEFILE
  -------         PROC          _INITIAL_BINARY_CHECK
  X:000AH         SYMBOL        length
  X:000DH         SYMBOL        offset
  -------         DO            
  X:0010H         SYMBOL        current
  X:0012H         SYMBOL        body
  D:0006H         SYMBOL        fid
  X:0014H         SYMBOL        tag
  X:0016H         SYMBOL        tempLength
  D:0007H         SYMBOL        security
  X:0018H         SYMBOL        structure
  -------         ENDDO         
  C:25CFH         LINE#         487
  C:25DAH         LINE#         493
  C:25DDH         LINE#         494
  C:25E9H         LINE#         495
  C:25EDH         LINE#         496
  C:25F0H         LINE#         497
  C:25F0H         LINE#         499
  C:25F8H         LINE#         500
  C:25FDH         LINE#         501
  C:2608H         LINE#         502
  C:2608H         LINE#         503
  C:2608H         LINE#         504
  C:2608H         LINE#         505
  C:260CH         LINE#         506
  C:260FH         LINE#         507
  C:260FH         LINE#         508
  C:260FH         LINE#         509
  C:2620H         LINE#         510
  C:2622H         LINE#         511
  C:262DH         LINE#         512
  C:2630H         LINE#         513
  C:2633H         LINE#         514
  C:2636H         LINE#         515
  C:2636H         LINE#         516
  C:2651H         LINE#         517
  C:2651H         LINE#         519
  C:265CH         LINE#         520
  C:267BH         LINE#         521
  C:269DH         LINE#         522
  C:26BFH         LINE#         523
  C:26D7H         LINE#         526
  C:26E3H         LINE#         527
  C:26E6H         LINE#         528
  C:26E8H         LINE#         529
  C:26E8H         LINE#         532
  C:2705H         LINE#         533
  C:2709H         LINE#         534
  C:270BH         LINE#         535
  C:270BH         LINE#         538
  C:272DH         LINE#         539
  C:273AH         LINE#         540
  C:2741H         LINE#         541
  C:2744H         LINE#         542
BL51 BANKED LINKER/LOCATER V6.22                                                      02/22/2017  16:00:38  PAGE 23


  C:2744H         LINE#         544
  C:2746H         LINE#         545
  -------         ENDPROC       _INITIAL_BINARY_CHECK
  -------         PROC          COMMAND_READBINARY
  -------         DO            
  X:0000H         SYMBOL        offset
  X:0002H         SYMBOL        length
  X:0004H         SYMBOL        le
  X:0006H         SYMBOL        data_binary
  X:0007H         SYMBOL        i
  D:0007H         SYMBOL        ac
  -------         ENDDO         
  C:360DH         LINE#         547
  C:360DH         LINE#         552
  C:3627H         LINE#         554
  C:3627H         LINE#         557
  C:362AH         LINE#         558
  C:362EH         LINE#         559
  C:3634H         LINE#         561
  C:3634H         LINE#         563
  C:3641H         LINE#         565
  C:3649H         LINE#         566
  C:3652H         LINE#         567
  C:365BH         LINE#         591
  C:3661H         LINE#         592
  -------         ENDPROC       COMMAND_READBINARY
  -------         PROC          COMMAND_UPDATEBINARY
  -------         DO            
  X:0000H         SYMBOL        offset
  X:0002H         SYMBOL        length
  X:0004H         SYMBOL        le
  X:0006H         SYMBOL        data_binary
  X:0007H         SYMBOL        i
  D:0007H         SYMBOL        ac
  -------         ENDDO         
  C:2AFAH         LINE#         594
  C:2AFAH         LINE#         599
  C:2B17H         LINE#         601
  C:2B17H         LINE#         604
  C:2B1AH         LINE#         605
  C:2B1EH         LINE#         606
  C:2B25H         LINE#         608
  C:2B25H         LINE#         610
  C:2B34H         LINE#         613
  C:2B4DH         LINE#         614
  C:2B71H         LINE#         615
  C:2B7AH         LINE#         617
  C:2B82H         LINE#         619
  C:2BABH         LINE#         620
  C:2BB3H         LINE#         621
  C:2BB9H         LINE#         623
  C:2BB9H         LINE#         625
  C:2BD1H         LINE#         626
  C:2BDAH         LINE#         628
  C:2BE2H         LINE#         630
  C:2C0BH         LINE#         631
  C:2C13H         LINE#         632
BL51 BANKED LINKER/LOCATER V6.22                                                      02/22/2017  16:00:38  PAGE 24


  C:2C13H         LINE#         634
  C:2C19H         LINE#         635
  -------         ENDPROC       COMMAND_UPDATEBINARY
  -------         PROC          COMMAND_ERASEBINARY
  -------         DO            
  X:0000H         SYMBOL        offset
  X:0002H         SYMBOL        length
  X:0004H         SYMBOL        le
  X:0006H         SYMBOL        i
  D:0007H         SYMBOL        ac
  -------         ENDDO         
  C:2E16H         LINE#         637
  C:2E16H         LINE#         641
  C:2E33H         LINE#         643
  C:2E33H         LINE#         646
  C:2E36H         LINE#         647
  C:2E3AH         LINE#         648
  C:2E41H         LINE#         650
  C:2E41H         LINE#         652
  C:2E50H         LINE#         655
  C:2E69H         LINE#         656
  C:2E90H         LINE#         657
  C:2EB2H         LINE#         658
  C:2EBAH         LINE#         659
  C:2EC0H         LINE#         661
  C:2EC0H         LINE#         663
  C:2ED9H         LINE#         664
  C:2EF9H         LINE#         665
  C:2F01H         LINE#         666
  C:2F01H         LINE#         668
  C:2F07H         LINE#         669
  -------         ENDPROC       COMMAND_ERASEBINARY
  -------         PROC          COMMAND_WRITEBINARY
  -------         DO            
  X:0000H         SYMBOL        offset
  X:0002H         SYMBOL        length
  X:0004H         SYMBOL        le
  X:0006H         SYMBOL        data_binary
  X:0007H         SYMBOL        data_read
  X:0008H         SYMBOL        data_write
  X:0009H         SYMBOL        i
  D:0007H         SYMBOL        ac
  -------         ENDDO         
  C:22BBH         LINE#         671
  C:22BBH         LINE#         676
  C:22D8H         LINE#         678
  C:22D8H         LINE#         681
  C:22DBH         LINE#         682
  C:22DFH         LINE#         683
  C:22E6H         LINE#         685
  C:22E6H         LINE#         687
  C:22F5H         LINE#         690
  C:2311H         LINE#         691
  C:2335H         LINE#         692
  C:233EH         LINE#         694
  C:2346H         LINE#         696
  C:236EH         LINE#         698
BL51 BANKED LINKER/LOCATER V6.22                                                      02/22/2017  16:00:38  PAGE 25


  C:237AH         LINE#         700
  C:23A5H         LINE#         701
  C:23AEH         LINE#         702
  C:23B5H         LINE#         704
  C:23B5H         LINE#         706
  C:23CDH         LINE#         707
  C:23D6H         LINE#         709
  C:23DEH         LINE#         711
  C:2406H         LINE#         713
  C:2412H         LINE#         715
  C:243DH         LINE#         716
  C:2446H         LINE#         717
  C:2446H         LINE#         719
  C:244CH         LINE#         720
  -------         ENDPROC       COMMAND_WRITEBINARY
  C:1F92H         SYMBOL        L?0434
  -------         PROC          L?0433
  -------         ENDPROC       L?0433
  C:1F92H         SYMBOL        L?0434
  -------         PROC          _READ_ONE_RECORD
  D:0007H         SYMBOL        structure
  X:000DH         SYMBOL        body
  X:000FH         SYMBOL        size
  X:0011H         SYMBOL        record_num
  -------         DO            
  X:0013H         SYMBOL        record_le
  X:0014H         SYMBOL        databyte
  X:0015H         SYMBOL        record_current_addr
  X:0016H         SYMBOL        record_next_addr
  X:0017H         SYMBOL        offset
  X:0019H         SYMBOL        i
  -------         ENDDO         
  C:1F98H         LINE#         723
  C:1FA6H         LINE#         729
  C:1FAEH         LINE#         730
  C:1FD0H         LINE#         731
  C:1FF5H         LINE#         732
  C:2011H         LINE#         733
  C:2035H         LINE#         734
  C:203DH         LINE#         735
  C:204DH         LINE#         736
  C:204DH         LINE#         737
  C:2079H         LINE#         738
  C:20A7H         LINE#         739
  C:20B4H         LINE#         740
  C:20CFH         LINE#         742
  C:20E8H         LINE#         743
  C:210CH         LINE#         744
  C:2114H         LINE#         745
  C:2124H         LINE#         746
  C:2124H         LINE#         747
  -------         ENDPROC       _READ_ONE_RECORD
  -------         PROC          _UPDATE_ONE_RECORD
  D:0007H         SYMBOL        structure
  X:000DH         SYMBOL        body
  X:000FH         SYMBOL        size
  X:0011H         SYMBOL        record_num
BL51 BANKED LINKER/LOCATER V6.22                                                      02/22/2017  16:00:38  PAGE 26


  X:0013H         SYMBOL        length
  -------         DO            
  X:0014H         SYMBOL        record_le
  X:0015H         SYMBOL        databyte
  X:0016H         SYMBOL        i
  X:0017H         SYMBOL        record_current_addr
  X:0018H         SYMBOL        record_next_addr
  X:0019H         SYMBOL        offset
  -------         ENDDO         
  C:1DE3H         LINE#         749
  C:1DF1H         LINE#         755
  C:1DF9H         LINE#         756
  C:1E1BH         LINE#         757
  C:1E41H         LINE#         758
  C:1E48H         LINE#         759
  C:1E5CH         LINE#         760
  C:1E65H         LINE#         761
  C:1E6DH         LINE#         762
  C:1E96H         LINE#         763
  C:1E9EH         LINE#         764
  C:1E9EH         LINE#         765
  C:1EA1H         LINE#         766
  C:1EA1H         LINE#         767
  C:1EA1H         LINE#         768
  C:1ECDH         LINE#         769
  C:1EFBH         LINE#         770
  C:1F08H         LINE#         771
  C:1F23H         LINE#         772
  C:1F2FH         LINE#         773
  C:1F40H         LINE#         774
  C:1F49H         LINE#         775
  C:1F51H         LINE#         776
  C:1F7AH         LINE#         777
  C:1F82H         LINE#         778
  C:1F82H         LINE#         779
  C:1F88H         LINE#         780
  C:1F88H         LINE#         781
  C:1F88H         LINE#         782
  C:1F8AH         LINE#         783
  -------         ENDPROC       _UPDATE_ONE_RECORD
  -------         PROC          _WRITE_ONE_RECORD
  D:0007H         SYMBOL        structure
  X:000DH         SYMBOL        body
  X:000FH         SYMBOL        size
  X:0011H         SYMBOL        record_num
  X:0013H         SYMBOL        length
  -------         DO            
  X:0014H         SYMBOL        record_le
  X:0015H         SYMBOL        databyte
  X:0016H         SYMBOL        i
  X:0017H         SYMBOL        data_write
  X:0018H         SYMBOL        data_read
  X:0019H         SYMBOL        record_current_addr
  X:001AH         SYMBOL        record_next_addr
  X:001BH         SYMBOL        offset
  -------         ENDDO         
  C:1217H         LINE#         785
BL51 BANKED LINKER/LOCATER V6.22                                                      02/22/2017  16:00:38  PAGE 27


  C:1225H         LINE#         791
  C:122DH         LINE#         792
  C:124FH         LINE#         793
  C:1275H         LINE#         794
  C:127FH         LINE#         795
  C:1293H         LINE#         796
  C:129CH         LINE#         797
  C:12A4H         LINE#         799
  C:12CEH         LINE#         801
  C:12DCH         LINE#         802
  C:1305H         LINE#         803
  C:130EH         LINE#         804
  C:130EH         LINE#         806
  C:130EH         LINE#         807
  C:130EH         LINE#         808
  C:133AH         LINE#         809
  C:1368H         LINE#         810
  C:1375H         LINE#         811
  C:1390H         LINE#         812
  C:139FH         LINE#         813
  C:13B3H         LINE#         814
  C:13BCH         LINE#         815
  C:13C4H         LINE#         817
  C:13EEH         LINE#         819
  C:13FCH         LINE#         820
  C:1425H         LINE#         821
  C:142EH         LINE#         822
  C:142EH         LINE#         823
  C:1434H         LINE#         824
  C:1434H         LINE#         825
  C:1434H         LINE#         826
  C:1436H         LINE#         827
  -------         ENDPROC       _WRITE_ONE_RECORD
  -------         PROC          COMMAND_READRECORD
  -------         DO            
  X:0000H         SYMBOL        current
  X:0002H         SYMBOL        body
  X:0004H         SYMBOL        size
  X:0006H         SYMBOL        tag
  X:0008H         SYMBOL        record_num
  X:000AH         SYMBOL        i
  D:0007H         SYMBOL        security
  X:000BH         SYMBOL        structure
  D:0007H         SYMBOL        ac
  -------         ENDDO         
  C:0809H         LINE#         830
  C:0809H         LINE#         835
  C:080CH         LINE#         836
  C:0818H         LINE#         837
  C:081BH         LINE#         839
  C:081BH         LINE#         842
  C:0823H         LINE#         844
  C:082EH         LINE#         845
  C:0831H         LINE#         846
  C:0837H         LINE#         848
  C:0837H         LINE#         849
  C:0837H         LINE#         850
BL51 BANKED LINKER/LOCATER V6.22                                                      02/22/2017  16:00:38  PAGE 28


  C:083EH         LINE#         852
  C:083EH         LINE#         854
  C:0860H         LINE#         855
  C:0882H         LINE#         856
  C:08A4H         LINE#         859
  C:08B0H         LINE#         860
  C:08B6H         LINE#         862
  C:08B6H         LINE#         865
  C:08D8H         LINE#         866
  C:08E6H         LINE#         867
  C:08EDH         LINE#         869
  C:08EDH         LINE#         872
  C:08F0H         LINE#         873
  C:08F4H         LINE#         874
  C:08FBH         LINE#         876
  C:08FBH         LINE#         879
  C:0901H         LINE#         880
  C:0908H         LINE#         881
  C:090AH         LINE#         882
  C:0917H         LINE#         883
  C:0917H         LINE#         886
  C:092CH         LINE#         887
  C:0933H         LINE#         889
  C:0933H         LINE#         893
  C:093BH         LINE#         894
  C:0945H         LINE#         896
  C:0949H         LINE#         897
  C:0949H         LINE#         898
  C:094CH         LINE#         899
  C:0956H         LINE#         900
  C:0975H         LINE#         901
  C:0980H         LINE#         902
  C:0988H         LINE#         903
  C:0988H         LINE#         904
  C:0992H         LINE#         905
  C:09B2H         LINE#         906
  C:09C3H         LINE#         907
  C:09CBH         LINE#         908
  C:09CBH         LINE#         909
  C:09D2H         LINE#         911
  C:09D2H         LINE#         912
  C:09D2H         LINE#         914
  C:09DAH         LINE#         915
  C:09E1H         LINE#         916
  C:09F6H         LINE#         917
  C:09F9H         LINE#         918
  C:0A03H         LINE#         919
  C:0A17H         LINE#         920
  C:0A25H         LINE#         921
  C:0A3BH         LINE#         922
  C:0A3EH         LINE#         923
  C:0A45H         LINE#         925
  C:0A45H         LINE#         926
  C:0A45H         LINE#         927
  C:0A4FH         LINE#         928
  C:0A5BH         LINE#         929
  C:0A69H         LINE#         930
BL51 BANKED LINKER/LOCATER V6.22                                                      02/22/2017  16:00:38  PAGE 29


  C:0A85H         LINE#         931
  C:0A87H         LINE#         932
  C:0A8DH         LINE#         934
  C:0A8DH         LINE#         935
  C:0A8DH         LINE#         936
  C:0A97H         LINE#         937
  C:0AA7H         LINE#         938
  C:0AC0H         LINE#         939
  C:0AC2H         LINE#         940
  C:0AC8H         LINE#         942
  C:0AC8H         LINE#         943
  C:0AC8H         LINE#         945
  C:0ACEH         LINE#         946
  -------         ENDPROC       COMMAND_READRECORD
  -------         PROC          COMMAND_UPDATERECORD
  -------         DO            
  X:0000H         SYMBOL        current
  X:0002H         SYMBOL        body
  X:0004H         SYMBOL        size
  X:0006H         SYMBOL        tag
  X:0008H         SYMBOL        record_num
  D:0007H         SYMBOL        security
  X:000AH         SYMBOL        structure
  D:0007H         SYMBOL        ac
  X:000BH         SYMBOL        status
  -------         ENDDO         
  C:0FD3H         LINE#         948
  C:0FD3H         LINE#         953
  C:0FD6H         LINE#         954
  C:0FE2H         LINE#         955
  C:0FE5H         LINE#         957
  C:0FE5H         LINE#         960
  C:0FEDH         LINE#         962
  C:0FF8H         LINE#         963
  C:0FFBH         LINE#         964
  C:1001H         LINE#         966
  C:1001H         LINE#         967
  C:1001H         LINE#         968
  C:1008H         LINE#         970
  C:1008H         LINE#         972
  C:1013H         LINE#         973
  C:1032H         LINE#         974
  C:1054H         LINE#         975
  C:1076H         LINE#         978
  C:1082H         LINE#         979
  C:1088H         LINE#         981
  C:1088H         LINE#         984
  C:10AAH         LINE#         985
  C:10B8H         LINE#         986
  C:10BFH         LINE#         988
  C:10BFH         LINE#         991
  C:10C2H         LINE#         992
  C:10C6H         LINE#         993
  C:10CDH         LINE#         995
  C:10CDH         LINE#         998
  C:10D3H         LINE#         999
  C:10DAH         LINE#         1000
BL51 BANKED LINKER/LOCATER V6.22                                                      02/22/2017  16:00:38  PAGE 30


  C:10DCH         LINE#         1001
  C:10E9H         LINE#         1002
  C:10E9H         LINE#         1005
  C:10FEH         LINE#         1006
  C:1105H         LINE#         1008
  C:1105H         LINE#         1011
  C:110CH         LINE#         1012
  C:110CH         LINE#         1013
  C:110FH         LINE#         1015
  C:1117H         LINE#         1016
  C:111EH         LINE#         1017
  C:1133H         LINE#         1018
  C:1136H         LINE#         1019
  C:1140H         LINE#         1020
  C:1154H         LINE#         1021
  C:1162H         LINE#         1022
  C:1178H         LINE#         1023
  C:117AH         LINE#         1024
  C:1181H         LINE#         1026
  C:1181H         LINE#         1027
  C:1181H         LINE#         1028
  C:118BH         LINE#         1029
  C:1197H         LINE#         1030
  C:11A5H         LINE#         1031
  C:11C1H         LINE#         1032
  C:11C3H         LINE#         1033
  C:11C9H         LINE#         1035
  C:11C9H         LINE#         1036
  C:11C9H         LINE#         1037
  C:11D9H         LINE#         1038
  C:1205H         LINE#         1039
  C:1205H         LINE#         1040
  C:1205H         LINE#         1042
  C:120CH         LINE#         1043
  C:1210H         LINE#         1045
  C:1210H         LINE#         1047
  C:1216H         LINE#         1048
  -------         ENDPROC       COMMAND_UPDATERECORD
  -------         PROC          COMMAND_WRITERECORD
  -------         DO            
  X:0000H         SYMBOL        current
  X:0002H         SYMBOL        body
  X:0004H         SYMBOL        size
  X:0006H         SYMBOL        tag
  X:0008H         SYMBOL        record_num
  D:0007H         SYMBOL        security
  X:000AH         SYMBOL        structure
  D:0007H         SYMBOL        ac
  X:000BH         SYMBOL        status
  -------         ENDDO         
  C:0D8CH         LINE#         1050
  C:0D8CH         LINE#         1055
  C:0D8FH         LINE#         1056
  C:0D9BH         LINE#         1057
  C:0D9EH         LINE#         1059
  C:0D9EH         LINE#         1062
  C:0DA6H         LINE#         1064
BL51 BANKED LINKER/LOCATER V6.22                                                      02/22/2017  16:00:38  PAGE 31


  C:0DB1H         LINE#         1065
  C:0DB4H         LINE#         1066
  C:0DBAH         LINE#         1068
  C:0DBAH         LINE#         1069
  C:0DBAH         LINE#         1070
  C:0DC1H         LINE#         1072
  C:0DC1H         LINE#         1074
  C:0DCCH         LINE#         1075
  C:0DEBH         LINE#         1076
  C:0E0DH         LINE#         1077
  C:0E2FH         LINE#         1080
  C:0E3BH         LINE#         1081
  C:0E41H         LINE#         1083
  C:0E41H         LINE#         1086
  C:0E63H         LINE#         1087
  C:0E71H         LINE#         1088
  C:0E78H         LINE#         1090
  C:0E78H         LINE#         1093
  C:0E7BH         LINE#         1094
  C:0E7FH         LINE#         1095
  C:0E86H         LINE#         1097
  C:0E86H         LINE#         1100
  C:0E8CH         LINE#         1101
  C:0E93H         LINE#         1102
  C:0E95H         LINE#         1103
  C:0EA2H         LINE#         1104
  C:0EA2H         LINE#         1107
  C:0EB7H         LINE#         1108
  C:0EBEH         LINE#         1110
  C:0EBEH         LINE#         1113
  C:0EC5H         LINE#         1114
  C:0EC5H         LINE#         1115
  C:0EC8H         LINE#         1117
  C:0ED0H         LINE#         1118
  C:0ED7H         LINE#         1119
  C:0EECH         LINE#         1120
  C:0EEFH         LINE#         1121
  C:0EF9H         LINE#         1122
  C:0F0DH         LINE#         1123
  C:0F1BH         LINE#         1124
  C:0F23H         LINE#         1125
  C:0F25H         LINE#         1126
  C:0F2CH         LINE#         1128
  C:0F2CH         LINE#         1129
  C:0F2CH         LINE#         1130
  C:0F36H         LINE#         1131
  C:0F42H         LINE#         1132
  C:0F50H         LINE#         1133
  C:0F7DH         LINE#         1134
  C:0F7FH         LINE#         1135
  C:0F85H         LINE#         1137
  C:0F85H         LINE#         1138
  C:0F85H         LINE#         1139
  C:0F95H         LINE#         1140
  C:0FC1H         LINE#         1141
  C:0FC1H         LINE#         1142
  C:0FC1H         LINE#         1144
BL51 BANKED LINKER/LOCATER V6.22                                                      02/22/2017  16:00:38  PAGE 32


  C:0FC8H         LINE#         1145
  C:0FCCH         LINE#         1147
  C:0FCCH         LINE#         1149
  C:0FD2H         LINE#         1150
  -------         ENDPROC       COMMAND_WRITERECORD
  -------         PROC          COMMAND_VERIFY
  -------         DO            
  X:0000H         SYMBOL        i
  D:0007H         SYMBOL        retries
  -------         ENDDO         
  C:3535H         LINE#         1154
  C:3535H         LINE#         1158
  C:353DH         LINE#         1159
  C:3543H         LINE#         1161
  C:3543H         LINE#         1163
  C:3548H         LINE#         1164
  C:3551H         LINE#         1165
  C:3563H         LINE#         1166
  C:356FH         LINE#         1167
  C:3577H         LINE#         1169
  C:3589H         LINE#         1170
  C:3589H         LINE#         1171
  C:358CH         LINE#         1172
  C:358EH         LINE#         1173
  C:358EH         LINE#         1174
  C:3592H         LINE#         1175
  C:3594H         LINE#         1176
  C:3594H         LINE#         1177
  C:359BH         LINE#         1178
  C:35A4H         LINE#         1179
  C:35A4H         LINE#         1180
  -------         ENDPROC       COMMAND_VERIFY
  -------         PROC          COMMAND_INTERPRETER
  C:32A0H         LINE#         1285
  C:32A0H         LINE#         1286
  C:32ADH         LINE#         1287
  C:32FAH         LINE#         1288
  C:32FAH         LINE#         1289
  C:32FDH         LINE#         1290
  C:32FDH         LINE#         1291
  C:32FDH         LINE#         1292
  C:3300H         LINE#         1293
  C:3300H         LINE#         1294
  C:3300H         LINE#         1295
  C:3303H         LINE#         1296
  C:3303H         LINE#         1297
  C:3303H         LINE#         1298
  C:3306H         LINE#         1299
  C:3306H         LINE#         1300
  C:3306H         LINE#         1301
  C:3309H         LINE#         1302
  C:3309H         LINE#         1303
  C:3309H         LINE#         1304
  C:330CH         LINE#         1305
  C:330CH         LINE#         1306
  C:330CH         LINE#         1307
  C:330FH         LINE#         1308
BL51 BANKED LINKER/LOCATER V6.22                                                      02/22/2017  16:00:38  PAGE 33


  C:330FH         LINE#         1309
  C:330FH         LINE#         1310
  C:3312H         LINE#         1311
  C:3312H         LINE#         1312
  C:3312H         LINE#         1313
  C:3315H         LINE#         1314
  C:3315H         LINE#         1315
  C:3315H         LINE#         1316
  C:3318H         LINE#         1317
  C:3318H         LINE#         1318
  C:3318H         LINE#         1319
  C:331BH         LINE#         1320
  C:331BH         LINE#         1321
  C:331BH         LINE#         1322
  C:331EH         LINE#         1323
  C:331EH         LINE#         1324
  C:331EH         LINE#         1325
  C:3321H         LINE#         1326
  C:3321H         LINE#         1327
  C:3321H         LINE#         1328
  C:3324H         LINE#         1329
  C:3324H         LINE#         1330
  C:3324H         LINE#         1331
  C:3327H         LINE#         1332
  C:3327H         LINE#         1333
  C:3327H         LINE#         1334
  C:332AH         LINE#         1335
  C:332AH         LINE#         1336
  C:332AH         LINE#         1337
  C:332DH         LINE#         1338
  C:332DH         LINE#         1339
  C:332DH         LINE#         1340
  C:3330H         LINE#         1341
  C:3330H         LINE#         1342
  C:3330H         LINE#         1343
  C:3333H         LINE#         1344
  C:3333H         LINE#         1345
  C:3333H         LINE#         1346
  C:3336H         LINE#         1347
[...]
  C:0128H         LINE#         347
  C:012BH         LINE#         348
  C:012BH         LINE#         349
  C:012BH         LINE#         351
  C:019BH         LINE#         352
  C:01A0H         LINE#         353
  C:01A3H         LINE#         354
  C:01A3H         LINE#         356
  C:01CFH         LINE#         357
  C:01FBH         LINE#         358
  C:0227H         LINE#         359
  C:0253H         LINE#         360
  C:027AH         LINE#         362
  C:027AH         LINE#         363
  C:027DH         LINE#         364
  C:027DH         LINE#         365
  C:027DH         LINE#         366
  C:02A4H         LINE#         368
  C:02ADH         LINE#         369
  C:02C1H         LINE#         370
  C:02D3H         LINE#         371
  C:02E3H         LINE#         374
  C:0349H         LINE#         375
  C:034EH         LINE#         376
  C:0357H         LINE#         377
  C:0357H         LINE#         379
  C:0383H         LINE#         380
  C:03AFH         LINE#         381
  C:03DBH         LINE#         382
  C:0407H         LINE#         383
  C:040CH         LINE#         384
  C:0433H         LINE#         385
  C:0459H         LINE#         386
  C:046FH         LINE#         387
BL51 BANKED LINKER/LOCATER V6.22                                                      02/22/2017  16:00:38  PAGE 48


  C:047FH         LINE#         388
  C:04B8H         LINE#         389
  C:04D0H         LINE#         390
  C:04D0H         LINE#         391
  C:04D0H         LINE#         392
  C:04D0H         LINE#         393
  C:04D3H         LINE#         394
  -------         ENDPROC       _FSCREATEBODYEF
  -------         PROC          _FSCREATEFILE
  X:002BH         SYMBOL        tag
  X:002DH         SYMBOL        desc
  -------         DO            
  X:0030H         SYMBOL        header
  X:0032H         SYMBOL        body
  D:0006H         SYMBOL        current
  X:0034H         SYMBOL        fid
  X:0036H         SYMBOL        currentTag
  D:0006H         SYMBOL        status
  -------         ENDDO         
  C:30E5H         LINE#         396
  C:30F8H         LINE#         403
  C:30FDH         LINE#         404
  C:30FEH         LINE#         405
  C:3100H         LINE#         406
  C:310CH         LINE#         407
  C:3124H         LINE#         408
  C:3124H         LINE#         411
  C:3127H         LINE#         412
  C:3143H         LINE#         413
  C:314AH         LINE#         414
  C:314FH         LINE#         415
  C:314FH         LINE#         425
  C:3166H         LINE#         426
  C:316AH         LINE#         427
  C:316BH         LINE#         428
  C:316BH         LINE#         431
  C:3177H         LINE#         432
  C:3192H         LINE#         433
  C:3196H         LINE#         434
  C:3197H         LINE#         435
  C:3197H         LINE#         436
  C:31B9H         LINE#         437
  C:31B9H         LINE#         438
  C:31C4H         LINE#         439
  C:31C7H         LINE#         440
  -------         ENDPROC       _FSCREATEFILE
  -------         PROC          _FSFREE
  D:0002H         SYMBOL        address
  X:0011H         SYMBOL        length
  -------         DO            
  X:0013H         SYMBOL        startbyte
  X:0015H         SYMBOL        stopbyte
  X:0017H         SYMBOL        startbit
  X:0018H         SYMBOL        stopbit
  D:0007H         SYMBOL        startXOR
  D:0006H         SYMBOL        stopXOR
  X:0019H         SYMBOL        temp
BL51 BANKED LINKER/LOCATER V6.22                                                      02/22/2017  16:00:38  PAGE 49


  X:001AH         SYMBOL        tempXOR
  X:001BH         SYMBOL        i
  D:0004H         SYMBOL        j
  -------         ENDDO         
  C:29D7H         LINE#         443
  C:29E3H         LINE#         450
  C:29F6H         LINE#         451
  C:29FDH         LINE#         452
  C:2A1EH         LINE#         453
  C:2A25H         LINE#         455
  C:2A4DH         LINE#         456
  C:2A5DH         LINE#         458
  C:2A7DH         LINE#         459
  C:2A94H         LINE#         461
  C:2A99H         LINE#         463
  C:2AA7H         LINE#         464
  C:2AC2H         LINE#         466
  C:2AD1H         LINE#         468
  C:2AE2H         LINE#         469
  C:2AF6H         LINE#         470
  C:2AF9H         LINE#         471
  -------         ENDPROC       _FSFREE
  -------         PROC          _FSDELETEFILE
  D:0006H         SYMBOL        fid
  -------         DO            
  X:0002H         SYMBOL        header
  X:0004H         SYMBOL        parent
  X:0006H         SYMBOL        sibling
  X:0008H         SYMBOL        siblingBefore
  X:000AH         SYMBOL        siblingNext
  X:000CH         SYMBOL        body
  X:000EH         SYMBOL        bodySize
  X:0010H         SYMBOL        tag
  -------         ENDDO         
  C:1A3FH         LINE#         473
  C:1A3FH         LINE#         479
  C:1A4AH         LINE#         481
  C:1A4EH         LINE#         482
  C:1A52H         LINE#         483
  C:1A52H         LINE#         487
  C:1A74H         LINE#         489
  C:1A96H         LINE#         491
  C:1AAAH         LINE#         492
  C:1AC6H         LINE#         493
  C:1AE1H         LINE#         494
  C:1AE3H         LINE#         496
  C:1AE3H         LINE#         497
  C:1AF7H         LINE#         498
  C:1B05H         LINE#         499
  C:1B20H         LINE#         500
  C:1B22H         LINE#         501
  C:1B44H         LINE#         502
  C:1B66H         LINE#         503
  C:1B66H         LINE#         506
  C:1B88H         LINE#         508
  C:1B93H         LINE#         509
  C:1BB5H         LINE#         510
BL51 BANKED LINKER/LOCATER V6.22                                                      02/22/2017  16:00:38  PAGE 50


  C:1BD7H         LINE#         511
  C:1C19H         LINE#         512
  C:1C19H         LINE#         515
  C:1C28H         LINE#         516
  C:1C2BH         LINE#         517
  -------         ENDPROC       _FSDELETEFILE
  -------         ENDMOD        FS

  -------         MODULE        KRISNA
  C:0000H         SYMBOL        _ICE_DUMMY_
  D:00FBH         PUBLIC        COPTH
  C:3B8CH         PUBLIC        BC3_decrypt_k_sequential
  C:3B93H         PUBLIC        BC3_decrypt_independent
  C:3B69H         PUBLIC        BC3_encrypt_k_sequential
  C:3A7AH         PUBLIC        _read_data_independent
  C:3B7EH         PUBLIC        BC3_encrypt_independent
  C:3B62H         PUBLIC        HASH_independent
  D:00FAH         PUBLIC        COPMISO
  D:00F9H         PUBLIC        COPMOSI
  C:3A08H         PUBLIC        _copy_data_block_independent
  C:3AB8H         PUBLIC        _write_data_independent
  C:3ADFH         PUBLIC        _copy_data_independent
  C:3B9AH         PUBLIC        BC3_decrypt_sequential
  C:3A68H         PUBLIC        _read_data_sequential
  C:3B2DH         PUBLIC        _write_block_sequential
  C:3B54H         PUBLIC        ECC_independent
  D:00FFH         PUBLIC        COPCOM
  C:3B77H         PUBLIC        BC3_encrypt_sequential
  C:3B5BH         PUBLIC        HASH_sequential
  C:39F4H         PUBLIC        _copy_data_block_sequential
  D:00FCH         PUBLIC        COPSRC
  C:3AC5H         PUBLIC        _write_data_sequential
  D:00FDH         PUBLIC        COPDST
  C:39B6H         PUBLIC        coprocessor_init
  C:3B85H         PUBLIC        BC3_decrypt_k_independent
  C:3AD2H         PUBLIC        _copy_data_sequential
  C:3B70H         PUBLIC        BC3_encrypt_k_independent
  C:3B4DH         PUBLIC        ECC_sequential
  D:00F8H         PUBLIC        COPSTATR
  B:00F8H.2       PUBLIC        s_TR
  -------         PROC          COPROCESSOR_INIT
  C:39B6H         LINE#         4
  C:39B6H         LINE#         5
  C:39B9H         LINE#         6
  C:39BCH         LINE#         7
  C:39BFH         LINE#         8
  C:39C2H         LINE#         9
  C:39C5H         LINE#         10
  C:39C8H         LINE#         11
  C:39CBH         LINE#         12
  -------         ENDPROC       COPROCESSOR_INIT
  -------         PROC          _COPY_DATA_BLOCK_SEQUENTIAL
  D:0007H         SYMBOL        source_address
  D:0005H         SYMBOL        destination_address
  D:0002H         SYMBOL        length
  C:39F4H         LINE#         15
  C:39F4H         LINE#         16
BL51 BANKED LINKER/LOCATER V6.22                                                      02/22/2017  16:00:38  PAGE 51


  C:39F7H         LINE#         17
  C:39F9H         LINE#         18
  C:39FDH         LINE#         19
  C:3A04H         LINE#         20
  C:3A07H         LINE#         21
  -------         ENDPROC       _COPY_DATA_BLOCK_SEQUENTIAL
  -------         PROC          _COPY_DATA_BLOCK_INDEPENDENT
  D:0007H         SYMBOL        source_address
  D:0005H         SYMBOL        destination_address
  D:0002H         SYMBOL        length
  C:3A08H         LINE#         23
  C:3A08H         LINE#         24
  C:3A0BH         LINE#         25
  C:3A0DH         LINE#         26
  C:3A11H         LINE#         27
  C:3A18H         LINE#         28
  C:3A1BH         LINE#         29
  -------         ENDPROC       _COPY_DATA_BLOCK_INDEPENDENT
  -------         PROC          _WRITE_DATA_INDEPENDENT
  D:0007H         SYMBOL        destination_address
  D:0004H         SYMBOL        copdata
  C:3AB8H         LINE#         31
  C:3AB8H         LINE#         32
  C:3ABBH         LINE#         33
  C:3ABDH         LINE#         34
  C:3AC1H         LINE#         35
  C:3AC4H         LINE#         36
  -------         ENDPROC       _WRITE_DATA_INDEPENDENT
  -------         PROC          _WRITE_DATA_SEQUENTIAL
  D:0007H         SYMBOL        destination_address
  D:0004H         SYMBOL        copdata
  C:3AC5H         LINE#         39
  C:3AC5H         LINE#         40
  C:3AC8H         LINE#         41
  C:3ACAH         LINE#         42
  C:3ACEH         LINE#         43
  C:3AD1H         LINE#         44
  -------         ENDPROC       _WRITE_DATA_SEQUENTIAL
  -------         PROC          _WRITE_BLOCK_SEQUENTIAL
  D:0006H         SYMBOL        copdata
  C:3B2DH         LINE#         46
  C:3B2DH         LINE#         47
  C:3B30H         LINE#         48
  C:3B32H         LINE#         49
  C:3B35H         LINE#         50
  -------         ENDPROC       _WRITE_BLOCK_SEQUENTIAL
  -------         PROC          _READ_DATA_SEQUENTIAL
  D:0007H         SYMBOL        source_address
  C:3A68H         LINE#         53
  C:3A68H         LINE#         54
  C:3A6BH         LINE#         55
  C:3A6DH         LINE#         56
  C:3A70H         LINE#         57
  C:3A73H         LINE#         58
  C:3A76H         LINE#         59
  C:3A79H         LINE#         60
  -------         ENDPROC       _READ_DATA_SEQUENTIAL
BL51 BANKED LINKER/LOCATER V6.22                                                      02/22/2017  16:00:38  PAGE 52


  -------         PROC          _READ_DATA_INDEPENDENT
  D:0007H         SYMBOL        source_address
  C:3A7AH         LINE#         62
  C:3A7AH         LINE#         63
  C:3A7DH         LINE#         64
  C:3A7FH         LINE#         65
  C:3A82H         LINE#         66
  C:3A85H         LINE#         67
  C:3A88H         LINE#         68
  C:3A8BH         LINE#         69
  -------         ENDPROC       _READ_DATA_INDEPENDENT
  -------         PROC          _COPY_DATA_SEQUENTIAL
  D:0007H         SYMBOL        source_address
  D:0005H         SYMBOL        destination_address
  C:3AD2H         LINE#         71
  C:3AD2H         LINE#         72
  C:3AD5H         LINE#         73
  C:3AD7H         LINE#         74
  C:3ADBH         LINE#         75
  C:3ADEH         LINE#         76
  -------         ENDPROC       _COPY_DATA_SEQUENTIAL
  -------         PROC          _COPY_DATA_INDEPENDENT
  D:0007H         SYMBOL        source_address
  D:0005H         SYMBOL        destination_address
  C:3ADFH         LINE#         78
  C:3ADFH         LINE#         79
  C:3AE2H         LINE#         80
  C:3AE4H         LINE#         81
  C:3AE8H         LINE#         82
  C:3AEBH         LINE#         83
  -------         ENDPROC       _COPY_DATA_INDEPENDENT
  -------         PROC          ECC_SEQUENTIAL
  C:3B4DH         LINE#         85
  C:3B4DH         LINE#         86
  C:3B50H         LINE#         87
  C:3B53H         LINE#         88
  -------         ENDPROC       ECC_SEQUENTIAL
  -------         PROC          ECC_INDEPENDENT
  C:3B54H         LINE#         90
  C:3B54H         LINE#         91
  C:3B57H         LINE#         92
  C:3B5AH         LINE#         93
  -------         ENDPROC       ECC_INDEPENDENT
  -------         PROC          HASH_SEQUENTIAL
  C:3B5BH         LINE#         95
  C:3B5BH         LINE#         96
  C:3B5EH         LINE#         97
  C:3B61H         LINE#         98
  -------         ENDPROC       HASH_SEQUENTIAL
  -------         PROC          HASH_INDEPENDENT
  C:3B62H         LINE#         100
  C:3B62H         LINE#         101
  C:3B65H         LINE#         102
  C:3B68H         LINE#         103
  -------         ENDPROC       HASH_INDEPENDENT
  -------         PROC          BC3_ENCRYPT_K_SEQUENTIAL
  C:3B69H         LINE#         105
BL51 BANKED LINKER/LOCATER V6.22                                                      02/22/2017  16:00:38  PAGE 53


  C:3B69H         LINE#         106
  C:3B6CH         LINE#         107
  C:3B6FH         LINE#         108
  -------         ENDPROC       BC3_ENCRYPT_K_SEQUENTIAL
  -------         PROC          BC3_ENCRYPT_K_INDEPENDENT
  C:3B70H         LINE#         110
  C:3B70H         LINE#         111
  C:3B73H         LINE#         112
  C:3B76H         LINE#         113
  -------         ENDPROC       BC3_ENCRYPT_K_INDEPENDENT
  -------         PROC          BC3_ENCRYPT_SEQUENTIAL
  C:3B77H         LINE#         115
  C:3B77H         LINE#         116
  C:3B7AH         LINE#         117
  C:3B7DH         LINE#         118
  -------         ENDPROC       BC3_ENCRYPT_SEQUENTIAL
  -------         PROC          BC3_ENCRYPT_INDEPENDENT
  C:3B7EH         LINE#         120
  C:3B7EH         LINE#         121
  C:3B81H         LINE#         122
  C:3B84H         LINE#         123
  -------         ENDPROC       BC3_ENCRYPT_INDEPENDENT
  -------         PROC          BC3_DECRYPT_K_INDEPENDENT
  C:3B85H         LINE#         125
  C:3B85H         LINE#         126
  C:3B88H         LINE#         127
  C:3B8BH         LINE#         128
  -------         ENDPROC       BC3_DECRYPT_K_INDEPENDENT
  -------         PROC          BC3_DECRYPT_K_SEQUENTIAL
  C:3B8CH         LINE#         130
  C:3B8CH         LINE#         131
  C:3B8FH         LINE#         132
  C:3B92H         LINE#         133
  -------         ENDPROC       BC3_DECRYPT_K_SEQUENTIAL
  -------         PROC          BC3_DECRYPT_INDEPENDENT
  C:3B93H         LINE#         135
  C:3B93H         LINE#         136
  C:3B96H         LINE#         137
  C:3B99H         LINE#         138
  -------         ENDPROC       BC3_DECRYPT_INDEPENDENT
  -------         PROC          BC3_DECRYPT_SEQUENTIAL
  C:3B9AH         LINE#         140
  C:3B9AH         LINE#         141
  C:3B9DH         LINE#         142
  C:3BA0H         LINE#         143
  -------         ENDPROC       BC3_DECRYPT_SEQUENTIAL
  -------         ENDMOD        KRISNA

  -------         MODULE        ?C?COPY
  C:171BH         PUBLIC        ?C?COPY
  -------         ENDMOD        ?C?COPY

  -------         MODULE        ?C?CLDOPTR
  C:1741H         PUBLIC        ?C?CLDOPTR
  -------         ENDMOD        ?C?CLDOPTR

  -------         MODULE        ?C?CSTOPTR
BL51 BANKED LINKER/LOCATER V6.22                                                      02/22/2017  16:00:38  PAGE 54


  C:176EH         PUBLIC        ?C?CSTOPTR
  -------         ENDMOD        ?C?CSTOPTR

  -------         MODULE        ?C?IMUL
  C:1790H         PUBLIC        ?C?IMUL
  -------         ENDMOD        ?C?IMUL

  -------         MODULE        ?C?ILDPTR
  C:17A2H         PUBLIC        ?C?ILDPTR
  -------         ENDMOD        ?C?ILDPTR

  -------         MODULE        ?C?ILDOPTR
  C:17CDH         PUBLIC        ?C?ILDOPTR
  -------         ENDMOD        ?C?ILDOPTR

  -------         MODULE        ?C?ISTPTR
  C:1805H         PUBLIC        ?C?ISTPTR
  -------         ENDMOD        ?C?ISTPTR

  -------         MODULE        ?C?CCASE
  C:1824H         PUBLIC        ?C?CCASE
  -------         ENDMOD        ?C?CCASE

*** WARNING L16: UNCALLED SEGMENT, IGNORED FOR OVERLAY PROCESS
    SEGMENT: ?PR?COMMAND_TES?COMMAND

*** WARNING L16: UNCALLED SEGMENT, IGNORED FOR OVERLAY PROCESS
    SEGMENT: ?PR?GUARD_TIME?TRANSMISSION

*** WARNING L16: UNCALLED SEGMENT, IGNORED FOR OVERLAY PROCESS
    SEGMENT: ?PR?STATE_VERIFYAUTH?STATE

*** WARNING L16: UNCALLED SEGMENT, IGNORED FOR OVERLAY PROCESS
    SEGMENT: ?PR?STATE_GETCHALLENGE?STATE

*** WARNING L16: UNCALLED SEGMENT, IGNORED FOR OVERLAY PROCESS
    SEGMENT: ?PR?_FS_CHECKAC?FS

*** WARNING L16: UNCALLED SEGMENT, IGNORED FOR OVERLAY PROCESS
    SEGMENT: ?PR?_COPY_DATA_BLOCK_SEQUENTIAL?KRISNA

*** WARNING L16: UNCALLED SEGMENT, IGNORED FOR OVERLAY PROCESS
    SEGMENT: ?PR?_COPY_DATA_BLOCK_INDEPENDENT?KRISNA

*** WARNING L16: UNCALLED SEGMENT, IGNORED FOR OVERLAY PROCESS
    SEGMENT: ?PR?_WRITE_BLOCK_SEQUENTIAL?KRISNA

*** WARNING L16: UNCALLED SEGMENT, IGNORED FOR OVERLAY PROCESS
    SEGMENT: ?PR?_COPY_DATA_SEQUENTIAL?KRISNA

*** WARNING L16: UNCALLED SEGMENT, IGNORED FOR OVERLAY PROCESS
    SEGMENT: ?PR?_COPY_DATA_INDEPENDENT?KRISNA

*** WARNING L16: UNCALLED SEGMENT, IGNORED FOR OVERLAY PROCESS
    SEGMENT: ?PR?ECC_INDEPENDENT?KRISNA

*** WARNING L16: UNCALLED SEGMENT, IGNORED FOR OVERLAY PROCESS
BL51 BANKED LINKER/LOCATER V6.22                                                      02/22/2017  16:00:38  PAGE 55


    SEGMENT: ?PR?HASH_INDEPENDENT?KRISNA

*** WARNING L16: UNCALLED SEGMENT, IGNORED FOR OVERLAY PROCESS
    SEGMENT: ?PR?BC3_ENCRYPT_K_INDEPENDENT?KRISNA

*** WARNING L16: UNCALLED SEGMENT, IGNORED FOR OVERLAY PROCESS
    SEGMENT: ?PR?BC3_ENCRYPT_SEQUENTIAL?KRISNA

*** WARNING L16: UNCALLED SEGMENT, IGNORED FOR OVERLAY PROCESS
    SEGMENT: ?PR?BC3_ENCRYPT_INDEPENDENT?KRISNA

*** WARNING L16: UNCALLED SEGMENT, IGNORED FOR OVERLAY PROCESS
    SEGMENT: ?PR?BC3_DECRYPT_K_INDEPENDENT?KRISNA

*** WARNING L16: UNCALLED SEGMENT, IGNORED FOR OVERLAY PROCESS
    SEGMENT: ?PR?BC3_DECRYPT_INDEPENDENT?KRISNA

*** WARNING L16: UNCALLED SEGMENT, IGNORED FOR OVERLAY PROCESS
    SEGMENT: ?PR?BC3_DECRYPT_SEQUENTIAL?KRISNA

*** WARNING L1: UNRESOLVED EXTERNAL SYMBOL
    SYMBOL:  COMMAND_EXTERNALAUTH
    MODULE:  .\Objects\command.obj (COMMAND)

*** WARNING L1: UNRESOLVED EXTERNAL SYMBOL
    SYMBOL:  COMMAND_GETRESPONSE
    MODULE:  .\Objects\command.obj (COMMAND)

*** WARNING L1: UNRESOLVED EXTERNAL SYMBOL
    SYMBOL:  COMMAND_GETCHALLENGE
    MODULE:  .\Objects\command.obj (COMMAND)

*** WARNING L2: REFERENCE MADE TO UNRESOLVED EXTERNAL
    SYMBOL:  COMMAND_GETCHALLENGE
    MODULE:  .\Objects\command.obj (COMMAND)
    ADDRESS: 3325H

*** WARNING L2: REFERENCE MADE TO UNRESOLVED EXTERNAL
    SYMBOL:  COMMAND_EXTERNALAUTH
    MODULE:  .\Objects\command.obj (COMMAND)
    ADDRESS: 3328H

*** WARNING L2: REFERENCE MADE TO UNRESOLVED EXTERNAL
    SYMBOL:  COMMAND_GETRESPONSE
    MODULE:  .\Objects\command.obj (COMMAND)
    ADDRESS: 332BH

Program Size: data=9.3 xdata=547 code=15275
LINK/LOCATE RUN COMPLETE.  24 WARNING(S),  0 ERROR(S)
